C251 COMPILER V5.60.0,  GPIO                                                               04/08/23  19:36:16  PAGE 1   


C251 COMPILER V5.60.0, COMPILATION OF MODULE GPIO
OBJECT MODULE PLACED IN GPIO.obj
COMPILER INVOKED BY: D:\Software\Worksoftware\Keil5_C251\C251\BIN\C251.EXE GPIO\GPIO.c XSMALL INTR2 WARNINGLEVEL(1) BROW
                    -SE INCDIR(.\OLED;.\timer;.\GPIO;.\PWM;.\Encoders;.\iic;.\motor;.\ADC;.\LineFollower;.\MPU6050;.\Key;.\Wave;.\Uart;.\SYN6
                    -288) DEBUG PRINT(.\GPIO.lst) TABS(2) OBJECT(GPIO.obj) 

stmt  level    source

    1          #include "GPIO.h"
    2          
    3          void GPIO_init()
    4          {
    5   1        WTST = 0;  //设置程序指令延时参数，赋值为0可将CPU执行指令的速度设置为最快
    6   1        EAXFR = 1; //扩展寄存器(XFR)访问使能
    7   1        CKCON = 0; //提高访问XRAM速度
    8   1        
    9   1        P0M1 = 0x00;   P0M0 = 0x00;   //设置为准双向口
   10   1        P1M1 = 0x00;   P1M0 = 0x00;   //设置为准双向口
   11   1        P2M1 = 0x00;   P2M0 = 0x00;   //设置为准双向口
   12   1        P3M1 = 0x00;   P3M0 = 0x00;   //设置为准双向口
   13   1        P4M1 = 0x00;   P4M0 = 0x00;   //设置为准双向口
   14   1        P5M1 = 0x00;   P5M0 = 0x00;   //设置为准双向口
   15   1        P6M1 = 0x00;   P6M0 = 0x00;   //设置为准双向口
   16   1        P7M1 = 0x00;   P7M0 = 0x00;   //设置为准双向口
   17   1      }
   18          
   19          


Module Information          Static   Overlayable
------------------------------------------------
  code size            =        58     ------
  ecode size           =    ------     ------
  data size            =    ------     ------
  idata size           =    ------     ------
  pdata size           =    ------     ------
  xdata size           =    ------     ------
  xdata-const size     =    ------     ------
  edata size           =    ------     ------
  bit size             =    ------     ------
  ebit size            =    ------     ------
  bitaddressable size  =    ------     ------
  ebitaddressable size =    ------     ------
  far data size        =    ------     ------
  huge data size       =    ------     ------
  const size           =    ------     ------
  hconst size          =    ------     ------
End of Module Information.


C251 COMPILATION COMPLETE.  0 WARNING(S),  0 ERROR(S)
