C251 COMPILER V5.60.0,  iic                                                                19/07/23  19:42:36  PAGE 1   


C251 COMPILER V5.60.0, COMPILATION OF MODULE iic
OBJECT MODULE PLACED IN iic.obj
COMPILER INVOKED BY: D:\Software\Worksoftware\Keil5_C251\C251\BIN\C251.EXE iic\iic.c XSMALL INTR2 WARNINGLEVEL(1) BROWSE
                    - INCDIR(.\OLED;.\timer;.\GPIO;.\PWM;.\Encoders;.\iic;.\Uart;.\Menu;.\motor;.\ADC) DEBUG PRINT(.\iic.lst) TABS(2) OBJECT(
                    -iic.obj) 

stmt  level    source

    1          #include "iic.h"
    2          
    3          sbit SDA = P2^2;
    4          sbit SCL = P2^0;
    5          #define DELAY_TIME 5
    6          
    7          //I2C总线内部延时函数
    8          void IIC_Delay(unsigned char i)
    9          {
   10   1          do{_nop_();}
   11   1          while(i--);        
   12   1      }
   13          
   14          //I2C总线启动信号
   15          void IIC_Start(void)
   16          {
   17   1          SDA = 1;
   18   1          SCL = 1;
   19   1          IIC_Delay(DELAY_TIME);
   20   1          SDA = 0;
   21   1          IIC_Delay(DELAY_TIME);
   22   1          SCL = 0;  
   23   1      }
   24          
   25          //I2C总线停止信号
   26          void IIC_Stop(void)
   27          {
   28   1          SDA = 0;
   29   1          SCL = 1;
   30   1          IIC_Delay(DELAY_TIME);
   31   1          SDA = 1;
   32   1          IIC_Delay(DELAY_TIME);
   33   1      }
   34          
   35          //发送应答或非应答信号
   36          void IIC_SendAck(bit ackbit)
   37          {
   38   1          SCL = 0;
   39   1          SDA = ackbit;           
   40   1          IIC_Delay(DELAY_TIME);
   41   1          SCL = 1;
   42   1          IIC_Delay(DELAY_TIME);
   43   1          SCL = 0; 
   44   1          SDA = 1;
   45   1          IIC_Delay(DELAY_TIME);
   46   1      }
   47          
   48          //等待应答
   49          bit IIC_WaitAck(void)
   50          {
   51   1          bit ackbit;
   52   1          SCL  = 1;
   53   1          IIC_Delay(DELAY_TIME);
   54   1          ackbit = SDA;
   55   1          SCL = 0;
   56   1          IIC_Delay(DELAY_TIME);
   57   1          return ackbit;
C251 COMPILER V5.60.0,  iic                                                                19/07/23  19:42:36  PAGE 2   

   58   1      }
   59          
   60          //I2C总线发送一个字节数据
   61          void IIC_SendByte(unsigned char byt)
   62          {
   63   1          unsigned char i=0;
   64   1          for(i=0; i<8; i++)
   65   1          {
   66   2              SCL  = 0;
   67   2              IIC_Delay(DELAY_TIME);
   68   2              if(byt & 0x80) SDA  = 1;
   69   2              else SDA  = 0;
   70   2              IIC_Delay(DELAY_TIME);
   71   2              SCL = 1;
   72   2              byt <<= 1;
   73   2              IIC_Delay(DELAY_TIME);
   74   2          }
   75   1          SCL  = 0;  
   76   1      }
   77          
   78          //I2C总线接收一个字节数据
   79          unsigned char IIC_RecByte(void)
   80          {
   81   1          unsigned char i=0, da=0;
   82   1          for(i=0; i<8; i++)
   83   1          {   
   84   2            SCL = 1;
   85   2            IIC_Delay(DELAY_TIME);
   86   2            da <<= 1;
   87   2            if(SDA) da |= 1;
   88   2            SCL = 0;
   89   2            IIC_Delay(DELAY_TIME);
   90   2          }
   91   1          return da;    
   92   1      }
   93          uchar Hall_element(uchar readaddr)
   94          {
   95   1        unsigned char temp=0;
   96   1        IIC_Start();
   97   1        IIC_SendByte(0x6c);                //霍尔传感器地址写
   98   1        IIC_WaitAck();
   99   1        IIC_SendByte(readaddr);                //寄存器0x0e
  100   1        IIC_WaitAck();
  101   1        
  102   1        IIC_Start();
  103   1        IIC_SendByte(0x6d);                //霍尔传感器地址读
  104   1        IIC_WaitAck();
  105   1        temp=IIC_RecByte();
  106   1        IIC_Stop();
  107   1        return temp;
  108   1      }


Module Information          Static   Overlayable
------------------------------------------------
  code size            =       216     ------
  ecode size           =    ------     ------
  data size            =    ------     ------
  idata size           =    ------     ------
  pdata size           =    ------     ------
  xdata size           =    ------     ------
  xdata-const size     =    ------     ------
  edata size           =    ------     ------
  bit size             =    ------          2
  ebit size            =    ------     ------
  bitaddressable size  =    ------     ------
  ebitaddressable size =    ------     ------
C251 COMPILER V5.60.0,  iic                                                                19/07/23  19:42:36  PAGE 3   

  far data size        =    ------     ------
  huge data size       =    ------     ------
  const size           =    ------     ------
  hconst size          =    ------     ------
End of Module Information.


C251 COMPILATION COMPLETE.  0 WARNING(S),  0 ERROR(S)
