C251 COMPILER V5.60.0,  key                                                                30/07/23  23:46:05  PAGE 1   


C251 COMPILER V5.60.0, COMPILATION OF MODULE key
OBJECT MODULE PLACED IN key.obj
COMPILER INVOKED BY: D:\Software\Worksoftware\Keil5_C251\C251\BIN\C251.EXE Key\key.c XSMALL INTR2 WARNINGLEVEL(1) BROWSE
                    - INCDIR(.\OLED;.\timer;.\GPIO;.\PWM;.\Encoders;.\iic;.\Uart;.\Menu;.\motor;.\ADC;.\LineFollower;.\MPU6050;.\Key) DEBUG P
                    -RINT(.\key.lst) TABS(2) OBJECT(key.obj) 

stmt  level    source

    1          #include "key.h"
    2          
    3          uchar Key_Rvalue(void)
    4          {
    5   1        uchar value = 0;
    6   1        
    7   1        if(P24 == 0) value = 1;
    8   1        else if(P44 == 0) value = 2;
    9   1        else if(P42 == 0) value = 3;
   10   1        else if(P73 == 0) value = 4;
   11   1        
   12   1        return value;
   13   1      }
   14          
   15          void Key_Init(void)
   16          {
   17   1        P24 = 1;
   18   1        P44 = 1;
   19   1        P42 = 1;
   20   1        P73 = 1;
   21   1      }
   22          


Module Information          Static   Overlayable
------------------------------------------------
  code size            =        56     ------
  ecode size           =    ------     ------
  data size            =    ------     ------
  idata size           =    ------     ------
  pdata size           =    ------     ------
  xdata size           =    ------     ------
  xdata-const size     =    ------     ------
  edata size           =    ------     ------
  bit size             =    ------     ------
  ebit size            =    ------     ------
  bitaddressable size  =    ------     ------
  ebitaddressable size =    ------     ------
  far data size        =    ------     ------
  huge data size       =    ------     ------
  const size           =    ------     ------
  hconst size          =    ------     ------
End of Module Information.


C251 COMPILATION COMPLETE.  0 WARNING(S),  0 ERROR(S)
