L251 LINKER/LOCATER V4.66.93.0                                                          07/17/2023  21:48:32  PAGE 1


L251 LINKER/LOCATER V4.66.93.0, INVOKED BY:
D:\SOFTWARE\WORKSOFTWARE\KEIL5_C251\C251\BIN\L251.EXE main.obj, oled.obj, Meun.obj, Encoders.obj, timer.obj, Uart.obj, i
>> ic.obj, pwm.obj, GPIO.obj, motor.obj TO LED CASE CLASSES (EDATA (0X0-0XFFF), HDATA (0X0-0XFFF))


CPU MODE:     251 SOURCE MODE
INTR FRAME:   2 BYTES SAVED ON INTERRUPT
MEMORY MODEL: XSMALL WITH FLOATING POINT ARITHMETIC


INPUT MODULES INCLUDED:
  main.obj (main)
         COMMENT TYPE 0: C251 V5.60.0
  oled.obj (oled)
         COMMENT TYPE 0: C251 V5.60.0
  Meun.obj (Meun)
         COMMENT TYPE 0: C251 V5.60.0
  Encoders.obj (Encoders)
         COMMENT TYPE 0: C251 V5.60.0
  timer.obj (timer)
         COMMENT TYPE 0: C251 V5.60.0
  Uart.obj (Uart)
         COMMENT TYPE 0: C251 V5.60.0
  iic.obj (iic)
         COMMENT TYPE 0: C251 V5.60.0
  pwm.obj (pwm)
         COMMENT TYPE 0: C251 V5.60.0
  GPIO.obj (GPIO)
         COMMENT TYPE 0: C251 V5.60.0
  motor.obj (motor)
         COMMENT TYPE 0: C251 V5.60.0
  D:\SOFTWARE\WORKSOFTWARE\KEIL5_C251\C251\LIB\C2SFPXS.LIB (?C?FPMUL)
         COMMENT TYPE 0: A251 V4.69.6.0
  D:\SOFTWARE\WORKSOFTWARE\KEIL5_C251\C251\LIB\C2SFPXS.LIB (?C?FCAST)
         COMMENT TYPE 0: A251 V4.69.6.0
  D:\SOFTWARE\WORKSOFTWARE\KEIL5_C251\C251\LIB\C2SFPXS.LIB (?C?CASTF)
         COMMENT TYPE 0: A251 V4.69.6.0
  D:\SOFTWARE\WORKSOFTWARE\KEIL5_C251\C251\LIB\C2SFPXS.LIB (?C?FPGETOPN)
         COMMENT TYPE 0: A251 V4.69.6.0
  D:\SOFTWARE\WORKSOFTWARE\KEIL5_C251\C251\LIB\C2SXS.LIB (?C_START)
         COMMENT TYPE 0: A251 V4.69.6.0
  D:\SOFTWARE\WORKSOFTWARE\KEIL5_C251\C251\LIB\C2SXS.LIB (?C?INITEDATA)
         COMMENT TYPE 0: A251 V4.69.6.0
  D:\SOFTWARE\WORKSOFTWARE\KEIL5_C251\C251\LIB\C2SXS.LIB (?C?LIMUL)
         COMMENT TYPE 0: A251 V4.69.6.0
  D:\SOFTWARE\WORKSOFTWARE\KEIL5_C251\C251\LIB\C2SXS.LIB (?C?ULDIV)
         COMMENT TYPE 0: A251 V4.69.6.0
  D:\SOFTWARE\WORKSOFTWARE\KEIL5_C251\C251\LIB\C2SXS.LIB (?C?INITEDATA_END)
         COMMENT TYPE 0: A251 V4.69.6.0


ACTIVE MEMORY CLASSES OF MODULE:  LED (main)

BASE        START       END         USED      MEMORY CLASS
==========================================================
000000H     000000H     000FFFH     000172H   EDATA
000000H     000000H     000FFFH               HDATA
FF0000H     FF0000H     FFFFFFH     001493H   CODE
000000H     FF0000H     FFFFFFH     000120H   HCONST
000020H.0   000020H.0   00002FH.7   000000H.7 BIT
000000H     000000H     00007FH     000008H   DATA


MEMORY MAP OF MODULE:  LED (main)


L251 LINKER/LOCATER V4.66.93.0                                                        07/17/2023  21:48:32  PAGE 2


START     STOP      LENGTH    ALIGN  RELOC    MEMORY CLASS   SEGMENT NAME
=========================================================================
000000H   000007H   000008H   ---    AT..     DATA           "REG BANK 0"
000008H   000015H   00000EH   BYTE   UNIT     EDATA          ?ED?OLED_DISPLAY_STRING_5X7?OLED
000016H   00001DH   000008H   BYTE   UNIT     EDATA          ?ED?OLED_SHOWNUM?OLED
00001EH   00001FH   000002H   BYTE   UNIT     EDATA          ?ED?OLED_DISPLAY_128X64?OLED
000020H.0 000020H.4 000000H.5 BIT    UNIT     BIT            ?BI?ENCODERS
000020H.5 000020H.5 000000H.1 BIT    UNIT     BIT            ?BI?IIC_SENDACK?IIC
000020H.6 000020H.6 000000H.1 BIT    UNIT     BIT            ?BI?IIC_WAITACK?IIC
000020H.7 000020H   000000H.1 ---    ---      **GAP**
000021H   000056H   000036H   BYTE   UNIT     EDATA          ?ED?OLED_16X16?OLED
000057H   000064H   00000EH   BYTE   UNIT     EDATA          ?ED?ENCODERS
000065H   000069H   000005H   BYTE   UNIT     EDATA          ?ED?OLED_GET_DATA_FROM_ROM?OLED
00006AH   00006DH   000004H   BYTE   UNIT     EDATA          ?ED?OLED
00006EH   000071H   000004H   BYTE   UNIT     EDATA          ?ED?OLED_DISPLAY_16X16?OLED
000072H   000075H   000004H   BYTE   UNIT     EDATA          ?ED?OLED_DISPLAY_8X16?OLED
000076H   000077H   000002H   BYTE   UNIT     EDATA          ?ED?MEUN
000078H   000079H   000002H   BYTE   UNIT     EDATA          ?ED?PWM
00007AH   00007AH   000001H   BYTE   UNIT     EDATA          ?ED?OLED_DISPLAY_5X7?OLED
00007BH   00017AH   000100H   BYTE   UNIT     EDATA          ?STACK
00017BH   FEFFFFH   FEFE85H   ---    ---      **GAP**
FF0000H   FF0002H   000003H   ---    OFFS..   CODE           ?CO?start251?4
FF0003H   FF0019H   000017H   BYTE   INSEG    CODE           ?PR?GET_DATA_FROM_ROM?OLED
FF001AH   FF001AH   000001H   ---    ---      **GAP**
FF001BH   FF001DH   000003H   ---    OFFS..   CODE           ?PR?IV?3
FF001EH   FF0022H   000005H   ---    ---      **GAP**
FF0023H   FF0025H   000003H   ---    OFFS..   CODE           ?PR?IV?4
FF0026H   FF024EH   000229H   BYTE   INSEG    CODE           ?PR?OLED_16X16?OLED
FF024FH   FF0419H   0001CBH   BYTE   INSEG    CODE           ?PR?MAIN_MEUN?MEUN
FF041AH   FF05E0H   0001C7H   BYTE   UNIT     CODE           ?C?LIB_CODE
FF05E1H   FF0767H   000187H   BYTE   INSEG    CODE           ?PR?SECOND_MENU_VALUE?ENCODERS
FF0768H   FF08A4H   00013DH   BYTE   INSEG    CODE           ?PR?OLED_SHOWNUM?OLED
FF08A5H   FF0971H   0000CDH   BYTE   INSEG    CODE           ?PR?OLED_INIT?OLED
FF0972H   FF0A24H   0000B3H   BYTE   INSEG    CODE           ?PR?MEMU?MEUN
FF0A25H   FF0ACDH   0000A9H   BYTE   INSEG    CODE           ?PR?OLED_DISPLAY_STRING_5X7?OLED
FF0ACEH   FF0B6CH   00009FH   BYTE   INSEG    CODE           ?PR?MEUN_2_CONTROL?MEUN
FF0B6DH   FF0C0BH   00009FH   BYTE   INSEG    CODE           ?PR?MEUN_2_ANGLE?MEUN
FF0C0CH   FF0CAAH   00009FH   BYTE   INSEG    CODE           ?PR?MEUN_2_SPEED?MEUN
FF0CABH   FF0D49H   00009FH   BYTE   INSEG    CODE           ?PR?MEUN_2_PITCHING?MEUN
FF0D4AH   FF0DDBH   000092H   BYTE   INSEG    CODE           ?PR?CANCEL_DETERMINE?ENCODERS
FF0DDCH   FF0E54H   000079H   BYTE   INSEG    CODE           ?PR?ADD?ENCODERS
FF0E55H   FF0ECDH   000079H   BYTE   INSEG    CODE           ?PR?LOSE?ENCODERS
FF0ECEH   FF0F28H   00005BH   BYTE   INSEG    CODE           ?PR?OLED_GET_DATA_FROM_ROM?OLED
FF0F29H   FF0F7EH   000056H   BYTE   INSEG    CODE           ?PR?OLED_DISPLAY_16X16?OLED
FF0F7FH   FF0FD4H   000056H   BYTE   INSEG    CODE           ?PR?OLED_DISPLAY_8X16?OLED
FF0FD5H   FF1023H   00004FH   BYTE   INSEG    CODE           ?PR?UP_KEY_DETECTION?ENCODERS
FF1024H   FF106EH   00004BH   BYTE   INSEG    CODE           ?PR?ROTARY_ENCODER?ENCODERS
FF106FH   FF10B7H   000049H   BYTE   INSEG    CODE           ?PR?TIMER1?MAIN
FF10B8H   FF10CAH   000013H   BYTE   UNIT     CODE           ?C_C51STARTUP
FF10CBH   FF10D4H   00000AH   BYTE   UNIT     CODE           ?C_C51STARTUP?1
FF10D5H   FF10FDH   000029H   BYTE   UNIT     CODE           ?C_C51STARTUP?2
FF10FEH   FF1100H   000003H   BYTE   UNIT     CODE           ?C_C51STARTUP?3
FF1101H   FF1146H   000046H   BYTE   INSEG    CODE           ?PR?OLED_DISPLAY_128X64?OLED
FF1147H   FF1180H   00003AH   BYTE   INSEG    CODE           ?PR?GPIO_INIT?GPIO
FF1181H   FF11B7H   000037H   BYTE   INSEG    CODE           ?PR?OLED_CLEAR_0_2?OLED
FF11B8H   FF11EEH   000037H   BYTE   INSEG    CODE           ?PR?OLED_CLEAR?OLED
FF11EFH   FF121DH   00002FH   BYTE   INSEG    CODE           ?PR?HALL_ELEMENT?IIC
FF121EH   FF124BH   00002EH   BYTE   INSEG    CODE           ?PR?IIC_SENDBYTE?IIC
FF124CH   FF1277H   00002CH   BYTE   INSEG    CODE           ?PR?OLED_DISPLAYTURN?OLED
FF1278H   FF12A3H   00002CH   BYTE   INSEG    CODE           ?PR?OLED_DISPLAY_5X7?OLED
FF12A4H   FF12CEH   00002BH   BYTE   INSEG    CODE           ?PR?OLED_WR_BYTE?OLED
FF12CFH   FF12F9H   00002BH   BYTE   INSEG    CODE           ?PR?OLED_ADDRESS?OLED
FF12FAH   FF1324H   00002BH   BYTE   INSEG    CODE           ?PR?PWM_FUN?PWM
FF1325H   FF134EH   00002AH   BYTE   INSEG    CODE           ?PR?MAIN?MAIN
FF134FH   FF1374H   000026H   BYTE   INSEG    CODE           ?PR?IIC_RECBYTE?IIC
L251 LINKER/LOCATER V4.66.93.0                                                        07/17/2023  21:48:32  PAGE 3


FF1375H   FF1392H   00001EH   BYTE   INSEG    CODE           ?PR?OLED_COLORTURN?OLED
FF1393H   FF13ADH   00001BH   BYTE   INSEG    CODE           ?PR?SEND_COMMAND_TO_ROM?OLED
FF13AEH   FF13C4H   000017H   BYTE   INSEG    CODE           ?PR?DELAY_MS?OLED
FF13C5H   FF13DBH   000017H   BYTE   INSEG    CODE           ?PR?UARTINIT?UART
FF13DCH   FF13F2H   000017H   BYTE   INSEG    CODE           ?PR?IIC_SENDACK?IIC
FF13F3H   FF1408H   000016H   BYTE   INSEG    CODE           ?PR?UART_STRING?UART
FF1409H   FF141DH   000015H   BYTE   INSEG    CODE           ?PR?OLED_DISPLAY_OFF?OLED
FF141EH   FF1432H   000015H   BYTE   INSEG    CODE           ?PR?OLED_DISPLAY_ON?OLED
FF1433H   FF1447H   000015H   BYTE   INSEG    CODE           ?PR?TIMER1INIT?TIMER
FF1448H   FF145AH   000013H   BYTE   INSEG    CODE           ?PR?IIC_WAITACK?IIC
FF145BH   FF146BH   000011H   BYTE   INSEG    CODE           ?PR?IIC_START?IIC
FF146CH   FF1479H   00000EH   BYTE   INSEG    CODE           ?PR?IIC_STOP?IIC
FF147AH   FF1485H   00000CH   BYTE   INSEG    CODE           ?PR?IIC_DELAY?IIC
FF1486H   FF148FH   00000AH   BYTE   INSEG    CODE           ?PR?UART1_ISR?UART
FF1490H   FF1498H   000009H   BYTE   INSEG    CODE           ?PR?UART_SENDBYTE?UART
FF1499H   FF1573H   0000DBH   BYTE   UNIT     HCONST         ?HC?MEUN
FF1574H   FF15A2H   00002FH   BYTE   UNIT     HCONST         ?C_INITEDATA
FF15A3H   FF15B8H   000016H   BYTE   UNIT     HCONST         ?HC?OLED



OVERLAY MAP OF MODULE:   LED (main)


FUNCTION/MODULE                    BIT_GROUP   DATA_GROUP 
--> CALLED FUNCTION/MODULE        START  STOP  START  STOP
==========================================================
timer1/main                       ----- -----  ----- -----
  +--> Pwm_Fun/pwm

Pwm_Fun/pwm                       ----- -----  ----- -----

*** NEW ROOT ********************

?C_C51STARTUP?1                   ----- -----  ----- -----

*** NEW ROOT ********************

Uart1_Isr/Uart                    ----- -----  ----- -----

*** NEW ROOT ********************

?C_C51STARTUP                     ----- -----  ----- -----

*** NEW ROOT ********************

?C_C51STARTUP?3                   ----- -----  ----- -----
  +--> main/main

main/main                         ----- -----  ----- -----
  +--> GPIO_init/GPIO
  +--> OLED_Init/oled
  +--> OLED_ColorTurn/oled
  +--> OLED_DisplayTurn/oled
  +--> OLED_Clear/oled
  +--> Timer1Init/timer
  +--> UartInit/Uart

GPIO_init/GPIO                    ----- -----  ----- -----

OLED_Init/oled                    ----- -----  ----- -----
  +--> delay_ms/oled
  +--> OLED_WR_Byte/oled

delay_ms/oled                     ----- -----  ----- -----
L251 LINKER/LOCATER V4.66.93.0                                                        07/17/2023  21:48:32  PAGE 4



OLED_WR_Byte/oled                 ----- -----  ----- -----

OLED_ColorTurn/oled               ----- -----  ----- -----
  +--> OLED_WR_Byte/oled

OLED_DisplayTurn/oled             ----- -----  ----- -----
  +--> OLED_WR_Byte/oled

OLED_Clear/oled                   ----- -----  ----- -----
  +--> OLED_WR_Byte/oled

Timer1Init/timer                  ----- -----  ----- -----

UartInit/Uart                     ----- -----  ----- -----

*** NEW ROOT ********************

?C_C51STARTUP?2                   ----- -----  ----- -----



PUBLIC SYMBOLS OF MODULE:  LED (main)


      VALUE       CLASS    TYPE      PUBLIC SYMBOL NAME
      =================================================
      00FF04F7H   CODE     NEAR LAB  ?C?CASTF
      000000FFH   NUMBER   ---       ?C?CODESEG
      00FF04C4H   CODE     NEAR LAB  ?C?FCASTC
      00FF04BFH   CODE     NEAR LAB  ?C?FCASTI
      00FF04BAH   CODE     NEAR LAB  ?C?FCASTL
      00FF0534H   CODE     ---       ?C?FPGETOPN2
      00FF041AH   CODE     ---       ?C?FPMUL
      00FF0571H   CODE     ---       ?C?FPNANRESULT
      00FF0579H   CODE     ---       ?C?FPOVERFLOW
      00FF054DH   CODE     ---       ?C?FPRESULT
      00FF0563H   CODE     ---       ?C?FPRESULT2
      00FF0576H   CODE     ---       ?C?FPUNDERFLOW
      00FF10D5H   CODE     ---       ?C?INITEDATA
      00FF15A1H   HCONST   WORD      ?C?INITEDATA_END
      00FF0585H   CODE     ---       ?C?LIMUL
      00FF0000H   CODE     ---       ?C?STARTUP
      00FF0590H   CODE     NEAR LAB  ?C?ULDIV
      00FF058EH   CODE     NEAR LAB  ?C?ULIDIV
      00000001H   NUMBER   ---       ?C?XDATASEG
      00FF0000H   CODE     ---       ?C_STARTUP
      00000020H.5 BIT      BIT       ?IIC_SendAck?BIT
*SFR* 000000BCH   DATA     BYTE      ADC_CONTR
*SFR* 000000DEH   DATA     BYTE      ADCCFG
      00FF0DDCH   CODE     ---       add
      00000020H.2 BIT      BIT       add_lose
      00000059H   EDATA    ---       adjust
      00000020H.1 BIT      BIT       arrow_Value
*SFR* 000000EFH   DATA     BYTE      AUXINTIF
*SFR* 0000008EH   DATA     BYTE      AUXR
*SFR* 00000097H   DATA     BYTE      AUXR2
      00FF0D4AH   CODE     ---       Cancel_determine
*SFR* 000000F1H   DATA     BYTE      CANICR
*SFR* 000000EAH   DATA     BYTE      CKCON
*SFR* 000000E6H   DATA     BYTE      CMPCR1
*SFR* 000000E7H   DATA     BYTE      CMPCR2
      00000063H   EDATA    BYTE      Confirm_exit
      00FF13AEH   CODE     ---       delay_ms
*SFR* 000000A8H.7 DATA     BIT       EA
L251 LINKER/LOCATER V4.66.93.0                                                        07/17/2023  21:48:32  PAGE 5


*SFR* 000000BAH.7 DATA     BIT       EAXFR
*SFR* 000000B0H.2 DATA     BIT       EC11_A
*SFR* 000000B0H.3 DATA     BIT       EC11_B
*SFR* 000000B0H.4 DATA     BIT       EC11_K
*SFR* 000000A8H.4 DATA     BIT       ES
*SFR* 000000A8H.3 DATA     BIT       ET1
      00000020H.4 BIT      BIT       falling_Down
      0000006AH   EDATA    DWORD     fontaddr
      00FF0003H   CODE     ---       Get_data_from_ROM
      00FF1147H   CODE     ---       GPIO_init
      00FF11EFH   CODE     ---       Hall_element
*SFR* 000000C7H   DATA     BYTE      IAP_CONTR
*SFR* 000000A8H   DATA     BYTE      IE
*SFR* 000000AFH   DATA     BYTE      IE2
      00FF147AH   CODE     ---       IIC_Delay
      00FF134FH   CODE     ---       IIC_RecByte
      00FF13DCH   CODE     ---       IIC_SendAck
      00FF121EH   CODE     ---       IIC_SendByte
      00FF145BH   CODE     ---       IIC_Start
      00FF146CH   CODE     ---       IIC_Stop
      00FF1448H   CODE     ---       IIC_WaitAck
*SFR* 0000008FH   DATA     BYTE      INTCLKO
*SFR* 000000B8H   DATA     BYTE      IP
*SFR* 000000B5H   DATA     BYTE      IP2
*SFR* 000000B6H   DATA     BYTE      IP2H
*SFR* 000000DFH   DATA     BYTE      IP3
*SFR* 000000EEH   DATA     BYTE      IP3H
*SFR* 000000B7H   DATA     BYTE      IPH
*SFR* 0000009DH   DATA     BYTE      IRCBAND
*SFR* 000000F9H   DATA     BYTE      LINICR
      00000020H.3 BIT      BIT       long_short
      00FF0E55H   CODE     ---       lose
      00FF1325H   CODE     ---       main
      00FF024FH   CODE     ---       Main_Meun
      00FF0972H   CODE     ---       Memu
      00FF0B6DH   CODE     ---       Meun_2_angle
      00FF0ACEH   CODE     ---       Meun_2_control
      00FF0CABH   CODE     ---       Meun_2_Pitching
      00FF0C0CH   CODE     ---       Meun_2_speed
*SFR* 00000080H.2 DATA     BIT       MOTOR_AIN1
*SFR* 00000080H.1 DATA     BIT       MOTOR_AIN2
*SFR* 00000080H.3 DATA     BIT       MOTOR_BIN1
*SFR* 00000080H.4 DATA     BIT       MOTOR_BIN2
      00FF0026H   CODE     ---       OLED_16x16
      00FF12CFH   CODE     ---       OLED_address
      00FF11B8H   CODE     ---       OLED_Clear
      00FF1181H   CODE     ---       OLED_Clear_0_2
      00FF1375H   CODE     ---       OLED_ColorTurn
*SFR* 00000090H.6 DATA     BIT       OLED_CS
*SFR* 00000090H.5 DATA     BIT       OLED_DC
      00FF1101H   CODE     ---       OLED_Display_128x64
      00FF0F29H   CODE     ---       OLED_Display_16x16
      00FF1278H   CODE     ---       OLED_Display_5x7
      00FF0F7FH   CODE     ---       OLED_Display_8x16
      00FF1409H   CODE     ---       OLED_DisPlay_Off
      00FF141EH   CODE     ---       OLED_DisPlay_On
      00FF0A25H   CODE     ---       OLED_Display_string_5x7
      00FF124CH   CODE     ---       OLED_DisplayTurn
      00FF0ECEH   CODE     ---       OLED_get_data_from_ROM
      00FF08A5H   CODE     ---       OLED_Init
*SFR* 00000090H.7 DATA     BIT       OLED_READ_FS0
*SFR* 00000090H.3 DATA     BIT       OLED_ROM_CS
*SFR* 000000C0H.7 DATA     BIT       OLED_SCL
*SFR* 00000090H.4 DATA     BIT       OLED_SDA
      00FF0768H   CODE     ---       OLED_ShowNum
L251 LINKER/LOCATER V4.66.93.0                                                        07/17/2023  21:48:32  PAGE 6


      00FF12A4H   CODE     ---       OLED_WR_Byte
*SFR* 00000080H   DATA     BYTE      P0
*SFR* 00000094H   DATA     BYTE      P0M0
*SFR* 00000093H   DATA     BYTE      P0M1
*SFR* 00000090H   DATA     BYTE      P1
*SFR* 00000092H   DATA     BYTE      P1M0
*SFR* 00000091H   DATA     BYTE      P1M1
*SFR* 000000A0H   DATA     BYTE      P2
*SFR* 00000096H   DATA     BYTE      P2M0
*SFR* 00000095H   DATA     BYTE      P2M1
*SFR* 000000B0H   DATA     BYTE      P3
*SFR* 000000B2H   DATA     BYTE      P3M0
*SFR* 000000B1H   DATA     BYTE      P3M1
*SFR* 000000C0H   DATA     BYTE      P4
*SFR* 000000B4H   DATA     BYTE      P4M0
*SFR* 000000B3H   DATA     BYTE      P4M1
*SFR* 000000C8H   DATA     BYTE      P5
*SFR* 000000FFH.4 DATA     BIT       P54RST
*SFR* 000000CAH   DATA     BYTE      P5M0
*SFR* 000000C9H   DATA     BYTE      P5M1
*SFR* 000000E8H   DATA     BYTE      P6
*SFR* 000000CCH   DATA     BYTE      P6M0
*SFR* 000000CBH   DATA     BYTE      P6M1
*SFR* 000000F8H   DATA     BYTE      P7
*SFR* 000000E2H   DATA     BYTE      P7M0
*SFR* 000000E1H   DATA     BYTE      P7M1
*SFR* 000000A2H   DATA     BYTE      P_SW1
*SFR* 000000BAH   DATA     BYTE      P_SW2
*SFR* 000000BBH   DATA     BYTE      P_SW3
      00000076H   EDATA    INT       page_table
      00000064H   EDATA    BYTE      part2_count
      00000062H   EDATA    BYTE      part_count
*SFR* 00000087H   DATA     BYTE      PCON
*SFR* 000000D0H   DATA     BYTE      PSW
      00000079H   EDATA    BYTE      Pwm_count
      00FF12FAH   CODE     ---       Pwm_Fun
*SFR* 000000E8H.3 DATA     BIT       PWM_PIN
*SFR* 000000E8H.2 DATA     BIT       PWM_PIN1
      00000078H   EDATA    BYTE      Pwm_value
*SFR* 00000098H.0 DATA     BIT       RI
      00000020H.0 BIT      BIT       rising_edge
      00FF1024H   CODE     ---       rotary_encoder
*SFR* 000000FFH   DATA     BYTE      RSTCFG
*SFR* 000000A2H.6 DATA     BIT       S1_S0
*SFR* 000000A2H.7 DATA     BIT       S1_S1
*SFR* 0000009AH   DATA     BYTE      S2CON
*SFR* 000000ACH   DATA     BYTE      S3CON
*SFR* 000000FDH   DATA     BYTE      S4CON
      00000057H   EDATA    WORD      s_count
*SFR* 00000099H   DATA     BYTE      SBUF
*SFR* 000000A0H.0 DATA     BIT       SCL
*SFR* 00000098H   DATA     BYTE      SCON
*SFR* 000000A0H.2 DATA     BIT       SDA
      00FF05E1H   CODE     ---       Second_menu_value
      00FF1393H   CODE     ---       Send_Command_to_ROM
      00FF14E4H   HCONST   ---       set
*SFR* 000000CEH   DATA     BYTE      SPCTL
      0000005EH   EDATA    ---       spin
*SFR* 000000CDH   DATA     BYTE      SPSTAT
*SFR* 000000D6H   DATA     BYTE      T2H
*SFR* 000000D7H   DATA     BYTE      T2L
*SFR* 000000DDH   DATA     BYTE      T4T3M
*SFR* 00000088H   DATA     BYTE      TCON
*SFR* 00000088H.7 DATA     BIT       TF1
*SFR* 0000008DH   DATA     BYTE      TH1
L251 LINKER/LOCATER V4.66.93.0                                                        07/17/2023  21:48:32  PAGE 7


*SFR* 00000098H.1 DATA     BIT       TI
      00FF106FH   CODE     ---       timer1
      00FF1433H   CODE     ---       Timer1Init
*SFR* 0000008BH   DATA     BYTE      TL1
*SFR* 00000089H   DATA     BYTE      TMOD
*SFR* 00000088H.6 DATA     BIT       TR1
      00FF1486H   CODE     ---       Uart1_Isr
      00FF1490H   CODE     ---       Uart_sendbyte
      00FF13F3H   CODE     ---       Uart_String
      00FF13C5H   CODE     ---       UartInit
      00FF0FD5H   CODE     ---       up_key_detection
*SFR* 000000F4H   DATA     BYTE      USBCON
*SFR* 000000C1H   DATA     BYTE      WDT_CONTR
*SFR* 000000E9H   DATA     BYTE      WTST



SYMBOL TABLE OF MODULE:  LED (main)

      VALUE       REP       CLASS    TYPE      SYMBOL NAME
      ====================================================
      ---         MODULE    ---      ---       main
      00FF1325H   PUBLIC    CODE     ---       main
      00FF106FH   PUBLIC    CODE     ---       timer1
      00000080H.2 SFRSYM    DATA     BIT       MOTOR_AIN1
      000000D0H   SFRSYM    DATA     BYTE      PSW
      0000009DH   SFRSYM    DATA     BYTE      IRCBAND
      00000097H   SFRSYM    DATA     BYTE      AUXR2
      000000EFH   SFRSYM    DATA     BYTE      AUXINTIF
      000000A2H.7 SFRSYM    DATA     BIT       S1_S1
      000000FDH   SFRSYM    DATA     BYTE      S4CON
      000000A2H.6 SFRSYM    DATA     BIT       S1_S0
      000000ACH   SFRSYM    DATA     BYTE      S3CON
      0000009AH   SFRSYM    DATA     BYTE      S2CON
      000000B7H   SFRSYM    DATA     BYTE      IPH
      000000CDH   SFRSYM    DATA     BYTE      SPSTAT
      000000DDH   SFRSYM    DATA     BYTE      T4T3M
      000000C1H   SFRSYM    DATA     BYTE      WDT_CONTR
      000000DFH   SFRSYM    DATA     BYTE      IP3
      000000F4H   SFRSYM    DATA     BYTE      USBCON
      000000B5H   SFRSYM    DATA     BYTE      IP2
      000000FFH   SFRSYM    DATA     BYTE      RSTCFG
      000000C7H   SFRSYM    DATA     BYTE      IAP_CONTR
      000000F9H   SFRSYM    DATA     BYTE      LINICR
      0000008EH   SFRSYM    DATA     BYTE      AUXR
      000000AFH   SFRSYM    DATA     BYTE      IE2
      00000088H   SFRSYM    DATA     BYTE      TCON
      00000089H   SFRSYM    DATA     BYTE      TMOD
      00000098H   SFRSYM    DATA     BYTE      SCON
      000000FFH.4 SFRSYM    DATA     BIT       P54RST
      000000F1H   SFRSYM    DATA     BYTE      CANICR
      00000087H   SFRSYM    DATA     BYTE      PCON
      000000BCH   SFRSYM    DATA     BYTE      ADC_CONTR
      000000E7H   SFRSYM    DATA     BYTE      CMPCR2
      000000E6H   SFRSYM    DATA     BYTE      CMPCR1
      000000DEH   SFRSYM    DATA     BYTE      ADCCFG
      000000B8H   SFRSYM    DATA     BYTE      IP
      0000008FH   SFRSYM    DATA     BYTE      INTCLKO
      000000B0H.4 SFRSYM    DATA     BIT       EC11_K
      000000EEH   SFRSYM    DATA     BYTE      IP3H
      000000B6H   SFRSYM    DATA     BYTE      IP2H
      000000A8H   SFRSYM    DATA     BYTE      IE
      000000BBH   SFRSYM    DATA     BYTE      P_SW3
      000000BAH   SFRSYM    DATA     BYTE      P_SW2
      000000A2H   SFRSYM    DATA     BYTE      P_SW1
L251 LINKER/LOCATER V4.66.93.0                                                        07/17/2023  21:48:32  PAGE 8


      000000CEH   SFRSYM    DATA     BYTE      SPCTL
      000000F8H   SFRSYM    DATA     BYTE      P7
      000000E8H   SFRSYM    DATA     BYTE      P6
      000000C8H   SFRSYM    DATA     BYTE      P5
      000000C0H   SFRSYM    DATA     BYTE      P4
      000000B0H   SFRSYM    DATA     BYTE      P3
      000000A0H   SFRSYM    DATA     BYTE      P2
      00000090H   SFRSYM    DATA     BYTE      P1
      00000080H   SFRSYM    DATA     BYTE      P0
      00000080H.4 SFRSYM    DATA     BIT       MOTOR_BIN2
      00000080H.1 SFRSYM    DATA     BIT       MOTOR_AIN2
      00000080H.3 SFRSYM    DATA     BIT       MOTOR_BIN1

      00FF1325H   BLOCK     CODE     ---       LVL=0
      00FF1325H   LINE      CODE     ---       #12
      00FF1325H   LINE      CODE     ---       #14
      00FF1328H   LINE      CODE     ---       #15
      00FF132BH   LINE      CODE     ---       #16
      00FF132FH   LINE      CODE     ---       #17
      00FF1333H   LINE      CODE     ---       #18
      00FF1336H   LINE      CODE     ---       #19
      00FF1339H   LINE      CODE     ---       #20
      00FF133CH   LINE      CODE     ---       #21
      00FF1342H   LINE      CODE     ---       #22
      00FF1345H   LINE      CODE     ---       #24
      00FF1347H   LINE      CODE     ---       #25
      00FF1349H   LINE      CODE     ---       #27
      00FF134BH   LINE      CODE     ---       #28
      00FF134DH   LINE      CODE     ---       #30
      00FF134DH   LINE      CODE     ---       #40
      ---         BLOCKEND  ---      ---       LVL=0

      00FF106FH   BLOCK     CODE     ---       LVL=0
      00FF106FH   LINE      CODE     ---       #42
      00FF1085H   LINE      CODE     ---       #44
      00FF1088H   LINE      CODE     ---       #45
      00FF108EH   LINE      CODE     ---       #47
      00FF1090H   LINE      CODE     ---       #48
      00FF1090H   LINE      CODE     ---       #49
      00FF1097H   LINE      CODE     ---       #51
      00FF10A1H   LINE      CODE     ---       #52
      ---         BLOCKEND  ---      ---       LVL=0

      ---         MODULE    ---      ---       oled
      00FF0003H   PUBLIC    CODE     ---       Get_data_from_ROM
      00FF0F29H   PUBLIC    CODE     ---       OLED_Display_16x16
      00FF124CH   PUBLIC    CODE     ---       OLED_DisplayTurn
      00FF1181H   PUBLIC    CODE     ---       OLED_Clear_0_2
      00FF08A5H   PUBLIC    CODE     ---       OLED_Init
      00FF0A25H   PUBLIC    CODE     ---       OLED_Display_string_5x7
      00FF1278H   PUBLIC    CODE     ---       OLED_Display_5x7
      00FF12A4H   PUBLIC    CODE     ---       OLED_WR_Byte
      00FF0ECEH   PUBLIC    CODE     ---       OLED_get_data_from_ROM
      00FF1375H   PUBLIC    CODE     ---       OLED_ColorTurn
      00FF1409H   PUBLIC    CODE     ---       OLED_DisPlay_Off
      00FF1101H   PUBLIC    CODE     ---       OLED_Display_128x64
      00FF1393H   PUBLIC    CODE     ---       Send_Command_to_ROM
      00FF0026H   PUBLIC    CODE     ---       OLED_16x16
      00FF13AEH   PUBLIC    CODE     ---       delay_ms
      00FF0F7FH   PUBLIC    CODE     ---       OLED_Display_8x16
      00FF0768H   PUBLIC    CODE     ---       OLED_ShowNum
      00FF141EH   PUBLIC    CODE     ---       OLED_DisPlay_On
      00FF11B8H   PUBLIC    CODE     ---       OLED_Clear
      00FF12CFH   PUBLIC    CODE     ---       OLED_address
      0000006AH   PUBLIC    EDATA    DWORD     fontaddr
L251 LINKER/LOCATER V4.66.93.0                                                        07/17/2023  21:48:32  PAGE 9


      000000D0H   SFRSYM    DATA     BYTE      PSW
      0000009DH   SFRSYM    DATA     BYTE      IRCBAND
      00000097H   SFRSYM    DATA     BYTE      AUXR2
      000000EFH   SFRSYM    DATA     BYTE      AUXINTIF
      00000090H.3 SFRSYM    DATA     BIT       OLED_ROM_CS
      000000FDH   SFRSYM    DATA     BYTE      S4CON
      000000C0H.7 SFRSYM    DATA     BIT       OLED_SCL
      000000ACH   SFRSYM    DATA     BYTE      S3CON
      0000009AH   SFRSYM    DATA     BYTE      S2CON
      000000B7H   SFRSYM    DATA     BYTE      IPH
      000000CDH   SFRSYM    DATA     BYTE      SPSTAT
      00000090H.4 SFRSYM    DATA     BIT       OLED_SDA
      000000DDH   SFRSYM    DATA     BYTE      T4T3M
      000000C1H   SFRSYM    DATA     BYTE      WDT_CONTR
      00000090H.7 SFRSYM    DATA     BIT       OLED_READ_FS0
      000000DFH   SFRSYM    DATA     BYTE      IP3
      000000F4H   SFRSYM    DATA     BYTE      USBCON
      000000B5H   SFRSYM    DATA     BYTE      IP2
      000000FFH   SFRSYM    DATA     BYTE      RSTCFG
      000000C7H   SFRSYM    DATA     BYTE      IAP_CONTR
      000000F9H   SFRSYM    DATA     BYTE      LINICR
      0000008EH   SFRSYM    DATA     BYTE      AUXR
      000000AFH   SFRSYM    DATA     BYTE      IE2
      00000088H   SFRSYM    DATA     BYTE      TCON
      00000089H   SFRSYM    DATA     BYTE      TMOD
      00000098H   SFRSYM    DATA     BYTE      SCON
      000000F1H   SFRSYM    DATA     BYTE      CANICR
      00000087H   SFRSYM    DATA     BYTE      PCON
      000000BCH   SFRSYM    DATA     BYTE      ADC_CONTR
      000000E7H   SFRSYM    DATA     BYTE      CMPCR2
      000000E6H   SFRSYM    DATA     BYTE      CMPCR1
      00000090H.6 SFRSYM    DATA     BIT       OLED_CS
      000000DEH   SFRSYM    DATA     BYTE      ADCCFG
      000000B8H   SFRSYM    DATA     BYTE      IP
      0000008FH   SFRSYM    DATA     BYTE      INTCLKO
      000000EEH   SFRSYM    DATA     BYTE      IP3H
      000000B6H   SFRSYM    DATA     BYTE      IP2H
      000000A8H   SFRSYM    DATA     BYTE      IE
      000000BBH   SFRSYM    DATA     BYTE      P_SW3
      000000BAH   SFRSYM    DATA     BYTE      P_SW2
      00000090H.5 SFRSYM    DATA     BIT       OLED_DC
      000000A2H   SFRSYM    DATA     BYTE      P_SW1
      000000CEH   SFRSYM    DATA     BYTE      SPCTL
      000000F8H   SFRSYM    DATA     BYTE      P7
      000000E8H   SFRSYM    DATA     BYTE      P6
      000000C8H   SFRSYM    DATA     BYTE      P5
      000000C0H   SFRSYM    DATA     BYTE      P4
      000000B0H   SFRSYM    DATA     BYTE      P3
      000000A0H   SFRSYM    DATA     BYTE      P2
      00000090H   SFRSYM    DATA     BYTE      P1
      00000080H   SFRSYM    DATA     BYTE      P0

      00FF13AEH   BLOCK     CODE     ---       LVL=0
      WR2         REGSYM    ---      WORD      ms
      00FF13B0H   BLOCK     CODE     NEAR LAB  LVL=1
      WR0         REGSYM    ---      WORD      a
      ---         BLOCKEND  ---      ---       LVL=1
      00FF13AEH   LINE      CODE     ---       #3
      00FF13B0H   LINE      CODE     ---       #4
      00FF13B0H   LINE      CODE     ---       #6
      00FF13B2H   LINE      CODE     ---       #8
      00FF13B6H   LINE      CODE     ---       #9
      00FF13BEH   LINE      CODE     ---       #10
      00FF13C0H   LINE      CODE     ---       #11
      00FF13C4H   LINE      CODE     ---       #12
L251 LINKER/LOCATER V4.66.93.0                                                        07/17/2023  21:48:32  PAGE 10


      00FF13C4H   LINE      CODE     ---       #13
      ---         BLOCKEND  ---      ---       LVL=0

      00FF1375H   BLOCK     CODE     ---       LVL=0
      R15         REGSYM    ---      BYTE      i
      00FF1375H   LINE      CODE     ---       #16
      00FF1379H   LINE      CODE     ---       #18
      00FF137DH   LINE      CODE     ---       #20
      00FF1384H   LINE      CODE     ---       #21
      00FF1384H   LINE      CODE     ---       #22
      00FF1389H   LINE      CODE     ---       #24
      00FF1390H   LINE      CODE     ---       #25
      ---         BLOCKEND  ---      ---       LVL=0

      00FF124CH   BLOCK     CODE     ---       LVL=0
      R15         REGSYM    ---      BYTE      i
      00FF124CH   LINE      CODE     ---       #29
      00FF1250H   LINE      CODE     ---       #31
      00FF1254H   LINE      CODE     ---       #33
      00FF125BH   LINE      CODE     ---       #34
      00FF1262H   LINE      CODE     ---       #35
      00FF1262H   LINE      CODE     ---       #36
      00FF1267H   LINE      CODE     ---       #38
      00FF126EH   LINE      CODE     ---       #39
      00FF1275H   LINE      CODE     ---       #40
      ---         BLOCKEND  ---      ---       LVL=0

      00FF141EH   BLOCK     CODE     ---       LVL=0
      00FF141EH   LINE      CODE     ---       #44
      00FF141EH   LINE      CODE     ---       #46
      00FF1425H   LINE      CODE     ---       #47
      00FF142CH   LINE      CODE     ---       #48
      ---         BLOCKEND  ---      ---       LVL=0

      00FF1409H   BLOCK     CODE     ---       LVL=0
      00FF1409H   LINE      CODE     ---       #52
      00FF1409H   LINE      CODE     ---       #54
      00FF1410H   LINE      CODE     ---       #55
      00FF1417H   LINE      CODE     ---       #56
      ---         BLOCKEND  ---      ---       LVL=0

      00FF12A4H   BLOCK     CODE     ---       LVL=0
      R6          REGSYM    ---      BYTE      dat
      R7          REGSYM    ---      BYTE      cmd
      00FF12A6H   BLOCK     CODE     NEAR LAB  LVL=1
      R7          REGSYM    ---      BYTE      i
      ---         BLOCKEND  ---      ---       LVL=1
      00FF12A4H   LINE      CODE     ---       #62
      00FF12A6H   LINE      CODE     ---       #63
      00FF12A6H   LINE      CODE     ---       #65
      00FF12AAH   LINE      CODE     ---       #67
      00FF12ACH   LINE      CODE     ---       #68
      00FF12AEH   LINE      CODE     ---       #71
      00FF12B0H   LINE      CODE     ---       #72
      00FF12B0H   LINE      CODE     ---       #73
      00FF12B2H   LINE      CODE     ---       #74
      00FF12B5H   LINE      CODE     ---       #76
      00FF12B7H   LINE      CODE     ---       #77
      00FF12BCH   LINE      CODE     ---       #79
      00FF12BEH   LINE      CODE     ---       #80
      00FF12C0H   LINE      CODE     ---       #83
      00FF12C2H   LINE      CODE     ---       #84
      00FF12C2H   LINE      CODE     ---       #85
      00FF12C4H   LINE      CODE     ---       #86
      00FF12C6H   LINE      CODE     ---       #87
L251 LINKER/LOCATER V4.66.93.0                                                        07/17/2023  21:48:32  PAGE 11


      00FF12CAH   LINE      CODE     ---       #88
      00FF12CCH   LINE      CODE     ---       #89
      00FF12CEH   LINE      CODE     ---       #90
      ---         BLOCKEND  ---      ---       LVL=0

      00FF11B8H   BLOCK     CODE     ---       LVL=0
      00FF11BAH   BLOCK     CODE     NEAR LAB  LVL=1
      R15         REGSYM    ---      BYTE      i
      R14         REGSYM    ---      BYTE      n
      ---         BLOCKEND  ---      ---       LVL=1
      00FF11B8H   LINE      CODE     ---       #93
      00FF11BAH   LINE      CODE     ---       #94
      00FF11BAH   LINE      CODE     ---       #96
      00FF11BCH   LINE      CODE     ---       #98
      00FF11C7H   LINE      CODE     ---       #99
      00FF11CEH   LINE      CODE     ---       #100
      00FF11D5H   LINE      CODE     ---       #101
      00FF11D7H   LINE      CODE     ---       #103
      00FF11DEH   LINE      CODE     ---       #104
      00FF11E5H   LINE      CODE     ---       #105
      00FF11ECH   LINE      CODE     ---       #106
      ---         BLOCKEND  ---      ---       LVL=0

      00FF1181H   BLOCK     CODE     ---       LVL=0
      00FF1183H   BLOCK     CODE     NEAR LAB  LVL=1
      R14         REGSYM    ---      BYTE      i
      R15         REGSYM    ---      BYTE      n
      ---         BLOCKEND  ---      ---       LVL=1
      00FF1181H   LINE      CODE     ---       #108
      00FF1183H   LINE      CODE     ---       #109
      00FF1183H   LINE      CODE     ---       #110
      00FF1183H   LINE      CODE     ---       #111
      00FF1185H   LINE      CODE     ---       #112
      00FF1190H   LINE      CODE     ---       #113
      00FF1197H   LINE      CODE     ---       #114
      00FF119EH   LINE      CODE     ---       #115
      00FF11A0H   LINE      CODE     ---       #116
      00FF11A7H   LINE      CODE     ---       #117
      00FF11AEH   LINE      CODE     ---       #118
      00FF11B5H   LINE      CODE     ---       #119
      ---         BLOCKEND  ---      ---       LVL=0

      00FF12CFH   BLOCK     CODE     ---       LVL=0
      R15         REGSYM    ---      BYTE      x
      R10         REGSYM    ---      BYTE      y
      00FF12CFH   LINE      CODE     ---       #121
      00FF12D3H   LINE      CODE     ---       #123
      00FF12D5H   LINE      CODE     ---       #124
      00FF12E0H   LINE      CODE     ---       #125
      00FF12EEH   LINE      CODE     ---       #126
      00FF12F7H   LINE      CODE     ---       #127
      ---         BLOCKEND  ---      ---       LVL=0

      00FF1101H   BLOCK     CODE     ---       LVL=0
      REG=3       REGSYM    ---      ---       dp
      00FF1105H   BLOCK     CODE     NEAR LAB  LVL=1
      0000001EH   SYMBOL    EDATA    BYTE      i
      0000001FH   SYMBOL    EDATA    BYTE      j
      ---         BLOCKEND  ---      ---       LVL=1
      00FF1101H   LINE      CODE     ---       #130
      00FF1105H   LINE      CODE     ---       #131
      00FF1105H   LINE      CODE     ---       #132
      00FF110AH   LINE      CODE     ---       #133
      00FF110EH   LINE      CODE     ---       #135
      00FF1116H   LINE      CODE     ---       #136
L251 LINKER/LOCATER V4.66.93.0                                                        07/17/2023  21:48:32  PAGE 12


      00FF111BH   LINE      CODE     ---       #138
      00FF1124H   LINE      CODE     ---       #139
      00FF1126H   LINE      CODE     ---       #140
      00FF1132H   LINE      CODE     ---       #141
      00FF1144H   LINE      CODE     ---       #142
      ---         BLOCKEND  ---      ---       LVL=0

      00FF0F29H   BLOCK     CODE     ---       LVL=0
      0000006EH   SYMBOL    EDATA    BYTE      x
      0000006FH   SYMBOL    EDATA    BYTE      y
      REG=3       REGSYM    ---      ---       dp
      00FF0F35H   BLOCK     CODE     NEAR LAB  LVL=1
      00000070H   SYMBOL    EDATA    BYTE      i
      00000071H   SYMBOL    EDATA    BYTE      j
      ---         BLOCKEND  ---      ---       LVL=1
      00FF0F29H   LINE      CODE     ---       #145
      00FF0F35H   LINE      CODE     ---       #146
      00FF0F35H   LINE      CODE     ---       #148
      00FF0F3AH   LINE      CODE     ---       #150
      00FF0F45H   LINE      CODE     ---       #151
      00FF0F4AH   LINE      CODE     ---       #153
      00FF0F53H   LINE      CODE     ---       #154
      00FF0F55H   LINE      CODE     ---       #155
      00FF0F61H   LINE      CODE     ---       #156
      00FF0F6AH   LINE      CODE     ---       #157
      00FF0F7CH   LINE      CODE     ---       #158
      ---         BLOCKEND  ---      ---       LVL=0

      00FF0F7FH   BLOCK     CODE     ---       LVL=0
      00000072H   SYMBOL    EDATA    BYTE      x
      00000073H   SYMBOL    EDATA    BYTE      y
      REG=3       REGSYM    ---      ---       dp
      00FF0F8BH   BLOCK     CODE     NEAR LAB  LVL=1
      00000074H   SYMBOL    EDATA    BYTE      i
      00000075H   SYMBOL    EDATA    BYTE      j
      ---         BLOCKEND  ---      ---       LVL=1
      00FF0F7FH   LINE      CODE     ---       #161
      00FF0F8BH   LINE      CODE     ---       #162
      00FF0F8BH   LINE      CODE     ---       #164
      00FF0F90H   LINE      CODE     ---       #166
      00FF0F9BH   LINE      CODE     ---       #167
      00FF0FA0H   LINE      CODE     ---       #169
      00FF0FA9H   LINE      CODE     ---       #170
      00FF0FABH   LINE      CODE     ---       #171
      00FF0FB7H   LINE      CODE     ---       #172
      00FF0FC0H   LINE      CODE     ---       #173
      00FF0FD2H   LINE      CODE     ---       #174
      ---         BLOCKEND  ---      ---       LVL=0

      00FF1278H   BLOCK     CODE     ---       LVL=0
      R11         REGSYM    ---      BYTE      x
      R10         REGSYM    ---      BYTE      y
      REG=3       REGSYM    ---      ---       dp
      00FF127CH   BLOCK     CODE     NEAR LAB  LVL=1
      0000007AH   SYMBOL    EDATA    BYTE      i
      ---         BLOCKEND  ---      ---       LVL=1
      00FF1278H   LINE      CODE     ---       #177
      00FF127CH   LINE      CODE     ---       #178
      00FF127CH   LINE      CODE     ---       #180
      00FF127FH   LINE      CODE     ---       #181
      00FF1284H   LINE      CODE     ---       #183
      00FF128DH   LINE      CODE     ---       #184
      00FF128FH   LINE      CODE     ---       #185
      00FF12A1H   LINE      CODE     ---       #186
      ---         BLOCKEND  ---      ---       LVL=0
L251 LINKER/LOCATER V4.66.93.0                                                        07/17/2023  21:48:32  PAGE 13



      00FF1393H   BLOCK     CODE     ---       LVL=0
      R6          REGSYM    ---      BYTE      dat
      00FF1395H   BLOCK     CODE     NEAR LAB  LVL=1
      R7          REGSYM    ---      BYTE      i
      ---         BLOCKEND  ---      ---       LVL=1
      00FF1393H   LINE      CODE     ---       #189
      00FF1395H   LINE      CODE     ---       #190
      00FF1395H   LINE      CODE     ---       #192
      00FF1398H   LINE      CODE     ---       #194
      00FF139AH   LINE      CODE     ---       #195
      00FF139FH   LINE      CODE     ---       #197
      00FF13A1H   LINE      CODE     ---       #198
      00FF13A3H   LINE      CODE     ---       #201
      00FF13A5H   LINE      CODE     ---       #202
      00FF13A5H   LINE      CODE     ---       #203
      00FF13A7H   LINE      CODE     ---       #204
      00FF13A9H   LINE      CODE     ---       #205
      00FF13ADH   LINE      CODE     ---       #206
      ---         BLOCKEND  ---      ---       LVL=0

      00FF0003H   BLOCK     CODE     ---       LVL=0
      R7          REGSYM    ---      BYTE      i
      R10         REGSYM    ---      BYTE      read
      00FF0003H   LINE      CODE     ---       #209
      00FF0003H   LINE      CODE     ---       #210
      00FF0003H   LINE      CODE     ---       #211
      00FF0005H   LINE      CODE     ---       #212
      00FF0008H   LINE      CODE     ---       #214
      00FF000AH   LINE      CODE     ---       #215
      00FF000CH   LINE      CODE     ---       #216
      00FF000FH   LINE      CODE     ---       #218
      00FF0011H   LINE      CODE     ---       #219
      00FF0011H   LINE      CODE     ---       #220
      00FF0013H   LINE      CODE     ---       #221
      00FF0017H   LINE      CODE     ---       #222
      00FF0019H   LINE      CODE     ---       #223
      ---         BLOCKEND  ---      ---       LVL=0

      00FF0ECEH   BLOCK     CODE     ---       LVL=0
      00000065H   SYMBOL    EDATA    BYTE      addrHigh
      00000066H   SYMBOL    EDATA    BYTE      addrMid
      00000067H   SYMBOL    EDATA    BYTE      addrLow
      REG=3       REGSYM    ---      ---       pbuff
      00000068H   SYMBOL    EDATA    BYTE      DataLen
      00FF0EE2H   BLOCK     CODE     NEAR LAB  LVL=1
      00000069H   SYMBOL    EDATA    BYTE      i
      ---         BLOCKEND  ---      ---       LVL=1
      00FF0ECEH   LINE      CODE     ---       #228
      00FF0EE2H   LINE      CODE     ---       #229
      00FF0EE2H   LINE      CODE     ---       #231
      00FF0EE4H   LINE      CODE     ---       #232
      00FF0EE9H   LINE      CODE     ---       #233
      00FF0EF0H   LINE      CODE     ---       #234
      00FF0EF7H   LINE      CODE     ---       #235
      00FF0EFEH   LINE      CODE     ---       #236
      00FF0F01H   LINE      CODE     ---       #238
      00FF0F11H   LINE      CODE     ---       #239
      00FF0F24H   LINE      CODE     ---       #240
      00FF0F26H   LINE      CODE     ---       #241
      ---         BLOCKEND  ---      ---       LVL=0

      00FF0026H   BLOCK     CODE     ---       LVL=0
      00000021H   SYMBOL    EDATA    BYTE      x
      00000022H   SYMBOL    EDATA    BYTE      y
L251 LINKER/LOCATER V4.66.93.0                                                        07/17/2023  21:48:32  PAGE 14


      REG=3       REGSYM    ---      ---       text
      00FF0032H   BLOCK     CODE     NEAR LAB  LVL=1
      00000023H   SYMBOL    EDATA    BYTE      i
      00000024H   SYMBOL    EDATA    BYTE      addrHigh
      00000025H   SYMBOL    EDATA    BYTE      addrMid
      00000026H   SYMBOL    EDATA    BYTE      addrLow
      00000027H   SYMBOL    EDATA    ---       fontbuf
      00FF01BEH   BLOCK     CODE     NEAR LAB  LVL=2
      00000047H   SYMBOL    EDATA    ---       fontbuf
      ---         BLOCKEND  ---      ---       LVL=2
      ---         BLOCKEND  ---      ---       LVL=1
      00FF0026H   LINE      CODE     ---       #245
      00FF0032H   LINE      CODE     ---       #246
      00FF0032H   LINE      CODE     ---       #247
      00FF0033H   LINE      CODE     ---       #250
      00FF0036H   LINE      CODE     ---       #252
      00FF0066H   LINE      CODE     ---       #257
      00FF0079H   LINE      CODE     ---       #258
      00FF0087H   LINE      CODE     ---       #259
      00FF0096H   LINE      CODE     ---       #261
      00FF00A0H   LINE      CODE     ---       #262
      00FF00A6H   LINE      CODE     ---       #263
      00FF00ACH   LINE      CODE     ---       #265
      00FF00B6H   LINE      CODE     ---       #267
      00FF00C5H   LINE      CODE     ---       #269
      00FF00CFH   LINE      CODE     ---       #270
      00FF00D5H   LINE      CODE     ---       #271
      00FF00D8H   LINE      CODE     ---       #272
      00FF0118H   LINE      CODE     ---       #275
      00FF0138H   LINE      CODE     ---       #276
      00FF0146H   LINE      CODE     ---       #277
      00FF0155H   LINE      CODE     ---       #279
      00FF015FH   LINE      CODE     ---       #280
      00FF0165H   LINE      CODE     ---       #281
      00FF016BH   LINE      CODE     ---       #283
      00FF0175H   LINE      CODE     ---       #284
      00FF0184H   LINE      CODE     ---       #285
      00FF018EH   LINE      CODE     ---       #286
      00FF0194H   LINE      CODE     ---       #287
      00FF0197H   LINE      CODE     ---       #288
      00FF01BEH   LINE      CODE     ---       #289
      00FF01BEH   LINE      CODE     ---       #291
      00FF01D7H   LINE      CODE     ---       #292
      00FF01E2H   LINE      CODE     ---       #293
      00FF01EEH   LINE      CODE     ---       #295
      00FF01F8H   LINE      CODE     ---       #296
      00FF01FEH   LINE      CODE     ---       #297
      00FF0204H   LINE      CODE     ---       #299
      00FF020EH   LINE      CODE     ---       #300
      00FF021DH   LINE      CODE     ---       #301
      00FF0227H   LINE      CODE     ---       #302
      00FF022CH   LINE      CODE     ---       #303
      00FF022EH   LINE      CODE     ---       #305
      00FF0237H   LINE      CODE     ---       #306
      00FF024CH   LINE      CODE     ---       #307
      ---         BLOCKEND  ---      ---       LVL=0

      00FF0A25H   BLOCK     CODE     ---       LVL=0
      00000008H   SYMBOL    EDATA    BYTE      x
      00000009H   SYMBOL    EDATA    BYTE      y
      REG=3       REGSYM    ---      ---       text
      00FF0A31H   BLOCK     CODE     NEAR LAB  LVL=1
      0000000AH   SYMBOL    EDATA    BYTE      i
      0000000BH   SYMBOL    EDATA    BYTE      addrHigh
      0000000CH   SYMBOL    EDATA    BYTE      addrMid
L251 LINKER/LOCATER V4.66.93.0                                                        07/17/2023  21:48:32  PAGE 15


      0000000DH   SYMBOL    EDATA    BYTE      addrLow
      00FF0A4BH   BLOCK     CODE     NEAR LAB  LVL=2
      0000000EH   SYMBOL    EDATA    ---       fontbuf
      ---         BLOCKEND  ---      ---       LVL=2
      ---         BLOCKEND  ---      ---       LVL=1
      00FF0A25H   LINE      CODE     ---       #309
      00FF0A31H   LINE      CODE     ---       #310
      00FF0A31H   LINE      CODE     ---       #311
      00FF0A32H   LINE      CODE     ---       #313
      00FF0A34H   LINE      CODE     ---       #315
      00FF0A4BH   LINE      CODE     ---       #316
      00FF0A4BH   LINE      CODE     ---       #318
      00FF0A57H   LINE      CODE     ---       #319
      00FF0A61H   LINE      CODE     ---       #320
      00FF0A6DH   LINE      CODE     ---       #322
      00FF0A77H   LINE      CODE     ---       #323
      00FF0A7DH   LINE      CODE     ---       #324
      00FF0A83H   LINE      CODE     ---       #326
      00FF0A8DH   LINE      CODE     ---       #327
      00FF0A9CH   LINE      CODE     ---       #328
      00FF0AA6H   LINE      CODE     ---       #329
      00FF0AABH   LINE      CODE     ---       #330
      00FF0AADH   LINE      CODE     ---       #332
      00FF0AB6H   LINE      CODE     ---       #333
      00FF0ACBH   LINE      CODE     ---       #334
      ---         BLOCKEND  ---      ---       LVL=0

      00FF0768H   BLOCK     CODE     ---       LVL=0
      R15         REGSYM    ---      BYTE      x
      R14         REGSYM    ---      BYTE      y
      DR28        REGSYM    ---      FLOAT     num1
      R13         REGSYM    ---      BYTE      len
      00FF0772H   BLOCK     CODE     NEAR LAB  LVL=1
      R12         REGSYM    ---      BYTE      i
      00000016H   SYMBOL    EDATA    DWORD     t
      0000001AH   SYMBOL    EDATA    DWORD     num
      ---         BLOCKEND  ---      ---       LVL=1
      00FF0768H   LINE      CODE     ---       #340
      00FF0772H   LINE      CODE     ---       #341
      00FF0772H   LINE      CODE     ---       #342
      00FF0772H   LINE      CODE     ---       #343
      00FF0778H   LINE      CODE     ---       #344
      00FF0786H   LINE      CODE     ---       #345
      00FF0798H   LINE      CODE     ---       #346
      00FF07ABH   LINE      CODE     ---       #347
      00FF07B0H   LINE      CODE     ---       #349
      00FF07C3H   LINE      CODE     ---       #350
      00FF07CEH   LINE      CODE     ---       #351
      00FF07D1H   LINE      CODE     ---       #352
      00FF07D9H   LINE      CODE     ---       #353
      00FF080CH   LINE      CODE     ---       #355
      00FF081AH   LINE      CODE     ---       #356
      00FF0828H   LINE      CODE     ---       #357
      00FF0836H   LINE      CODE     ---       #358
      00FF0844H   LINE      CODE     ---       #359
      00FF0852H   LINE      CODE     ---       #360
      00FF0860H   LINE      CODE     ---       #361
      00FF086EH   LINE      CODE     ---       #362
      00FF087CH   LINE      CODE     ---       #363
      00FF088AH   LINE      CODE     ---       #364
      00FF0899H   LINE      CODE     ---       #365
      00FF0899H   LINE      CODE     ---       #366
      00FF08A2H   LINE      CODE     ---       #367
      ---         BLOCKEND  ---      ---       LVL=0

L251 LINKER/LOCATER V4.66.93.0                                                        07/17/2023  21:48:32  PAGE 16


      00FF08A5H   BLOCK     CODE     ---       LVL=0
      00FF08A5H   LINE      CODE     ---       #370
      00FF08A5H   LINE      CODE     ---       #373
      00FF08A7H   LINE      CODE     ---       #374
      00FF08A9H   LINE      CODE     ---       #375
      00FF08B0H   LINE      CODE     ---       #376
      00FF08B7H   LINE      CODE     ---       #377
      00FF08BEH   LINE      CODE     ---       #378
      00FF08C5H   LINE      CODE     ---       #379
      00FF08CCH   LINE      CODE     ---       #380
      00FF08D3H   LINE      CODE     ---       #381
      00FF08DAH   LINE      CODE     ---       #382
      00FF08E1H   LINE      CODE     ---       #383
      00FF08E8H   LINE      CODE     ---       #384
      00FF08EFH   LINE      CODE     ---       #385
      00FF08F6H   LINE      CODE     ---       #386
      00FF08FDH   LINE      CODE     ---       #387
      00FF0904H   LINE      CODE     ---       #388
      00FF090BH   LINE      CODE     ---       #389
      00FF0912H   LINE      CODE     ---       #390
      00FF0919H   LINE      CODE     ---       #391
      00FF0920H   LINE      CODE     ---       #392
      00FF0926H   LINE      CODE     ---       #393
      00FF092DH   LINE      CODE     ---       #394
      00FF0934H   LINE      CODE     ---       #395
      00FF093BH   LINE      CODE     ---       #396
      00FF0942H   LINE      CODE     ---       #397
      00FF0949H   LINE      CODE     ---       #398
      00FF0950H   LINE      CODE     ---       #399
      00FF0957H   LINE      CODE     ---       #400
      00FF095EH   LINE      CODE     ---       #401
      00FF0965H   LINE      CODE     ---       #402
      00FF096CH   LINE      CODE     ---       #403
      ---         BLOCKEND  ---      ---       LVL=0

      ---         MODULE    ---      ---       Meun
      00FF14E4H   PUBLIC    HCONST   ---       set
      00FF024FH   PUBLIC    CODE     ---       Main_Meun
      00FF0ACEH   PUBLIC    CODE     ---       Meun_2_control
      00FF0B6DH   PUBLIC    CODE     ---       Meun_2_angle
      00FF0972H   PUBLIC    CODE     ---       Memu
      00FF0C0CH   PUBLIC    CODE     ---       Meun_2_speed
      00FF0CABH   PUBLIC    CODE     ---       Meun_2_Pitching
      00000076H   PUBLIC    EDATA    INT       page_table
      000000D0H   SFRSYM    DATA     BYTE      PSW
      0000009DH   SFRSYM    DATA     BYTE      IRCBAND
      00000097H   SFRSYM    DATA     BYTE      AUXR2
      000000EFH   SFRSYM    DATA     BYTE      AUXINTIF
      000000FDH   SFRSYM    DATA     BYTE      S4CON
      000000ACH   SFRSYM    DATA     BYTE      S3CON
      0000009AH   SFRSYM    DATA     BYTE      S2CON
      000000B7H   SFRSYM    DATA     BYTE      IPH
      000000CDH   SFRSYM    DATA     BYTE      SPSTAT
      000000DDH   SFRSYM    DATA     BYTE      T4T3M
      000000C1H   SFRSYM    DATA     BYTE      WDT_CONTR
      000000DFH   SFRSYM    DATA     BYTE      IP3
      000000F4H   SFRSYM    DATA     BYTE      USBCON
      000000B5H   SFRSYM    DATA     BYTE      IP2
      000000FFH   SFRSYM    DATA     BYTE      RSTCFG
      000000C7H   SFRSYM    DATA     BYTE      IAP_CONTR
      000000F9H   SFRSYM    DATA     BYTE      LINICR
      0000008EH   SFRSYM    DATA     BYTE      AUXR
      000000AFH   SFRSYM    DATA     BYTE      IE2
      00000088H   SFRSYM    DATA     BYTE      TCON
      00000089H   SFRSYM    DATA     BYTE      TMOD
L251 LINKER/LOCATER V4.66.93.0                                                        07/17/2023  21:48:32  PAGE 17


      00000098H   SFRSYM    DATA     BYTE      SCON
      000000F1H   SFRSYM    DATA     BYTE      CANICR
      00000087H   SFRSYM    DATA     BYTE      PCON
      000000BCH   SFRSYM    DATA     BYTE      ADC_CONTR
      000000E7H   SFRSYM    DATA     BYTE      CMPCR2
      000000E6H   SFRSYM    DATA     BYTE      CMPCR1
      000000DEH   SFRSYM    DATA     BYTE      ADCCFG
      000000B8H   SFRSYM    DATA     BYTE      IP
      0000008FH   SFRSYM    DATA     BYTE      INTCLKO
      000000EEH   SFRSYM    DATA     BYTE      IP3H
      000000B6H   SFRSYM    DATA     BYTE      IP2H
      000000A8H   SFRSYM    DATA     BYTE      IE
      000000BBH   SFRSYM    DATA     BYTE      P_SW3
      000000BAH   SFRSYM    DATA     BYTE      P_SW2
      000000A2H   SFRSYM    DATA     BYTE      P_SW1
      000000CEH   SFRSYM    DATA     BYTE      SPCTL
      000000F8H   SFRSYM    DATA     BYTE      P7
      000000E8H   SFRSYM    DATA     BYTE      P6
      000000C8H   SFRSYM    DATA     BYTE      P5
      000000C0H   SFRSYM    DATA     BYTE      P4
      000000B0H   SFRSYM    DATA     BYTE      P3
      000000A0H   SFRSYM    DATA     BYTE      P2
      00000090H   SFRSYM    DATA     BYTE      P1
      00000080H   SFRSYM    DATA     BYTE      P0

      00FF0972H   BLOCK     CODE     ---       LVL=0
      00FF0972H   LINE      CODE     ---       #42
      00FF0976H   LINE      CODE     ---       #44
      00FF0983H   LINE      CODE     ---       #46
      00FF0983H   LINE      CODE     ---       #47
      00FF0986H   LINE      CODE     ---       #48
      00FF0989H   LINE      CODE     ---       #49
      00FF0989H   LINE      CODE     ---       #50
      00FF09B0H   LINE      CODE     ---       #51
      00FF09CFH   LINE      CODE     ---       #52
      00FF09EEH   LINE      CODE     ---       #53
      00FF0A10H   LINE      CODE     ---       #54
      00FF0A20H   LINE      CODE     ---       #55
      00FF0A20H   LINE      CODE     ---       #56
      00FF0A20H   LINE      CODE     ---       #57
      ---         BLOCKEND  ---      ---       LVL=0

      00FF024FH   BLOCK     CODE     ---       LVL=0
      00FF024FH   LINE      CODE     ---       #66
      00FF0251H   LINE      CODE     ---       #68
      00FF026AH   LINE      CODE     ---       #70
      00FF0272H   LINE      CODE     ---       #71
      00FF029AH   LINE      CODE     ---       #72
      00FF02C2H   LINE      CODE     ---       #73
      00FF02EAH   LINE      CODE     ---       #74
      00FF0308H   LINE      CODE     ---       #75
      00FF030BH   LINE      CODE     ---       #76
      00FF031AH   LINE      CODE     ---       #78
      00FF031DH   LINE      CODE     ---       #79
      00FF0322H   LINE      CODE     ---       #80
      00FF0326H   LINE      CODE     ---       #81
      00FF0329H   LINE      CODE     ---       #82
      00FF033EH   LINE      CODE     ---       #84
      00FF0366H   LINE      CODE     ---       #85
      00FF038EH   LINE      CODE     ---       #86
      00FF03B6H   LINE      CODE     ---       #87
      00FF03DEH   LINE      CODE     ---       #88
      00FF03E0H   LINE      CODE     ---       #89
      00FF03EFH   LINE      CODE     ---       #91
      00FF03F2H   LINE      CODE     ---       #92
L251 LINKER/LOCATER V4.66.93.0                                                        07/17/2023  21:48:32  PAGE 18


      00FF03F8H   LINE      CODE     ---       #93
      00FF0400H   LINE      CODE     ---       #94
      00FF0400H   LINE      CODE     ---       #95
      00FF0410H   LINE      CODE     ---       #97
      00FF0417H   LINE      CODE     ---       #98
      ---         BLOCKEND  ---      ---       LVL=0

      00FF0C0CH   BLOCK     CODE     ---       LVL=0
      00FF0C0CH   LINE      CODE     ---       #107
      00FF0C0CH   LINE      CODE     ---       #109
      00FF0C34H   LINE      CODE     ---       #110
      00FF0C5BH   LINE      CODE     ---       #111
      00FF0C83H   LINE      CODE     ---       #112
      ---         BLOCKEND  ---      ---       LVL=0

      00FF0B6DH   BLOCK     CODE     ---       LVL=0
      00FF0B6DH   LINE      CODE     ---       #115
      00FF0B6DH   LINE      CODE     ---       #117
      00FF0B95H   LINE      CODE     ---       #118
      00FF0BBCH   LINE      CODE     ---       #119
      00FF0BE4H   LINE      CODE     ---       #120
      ---         BLOCKEND  ---      ---       LVL=0

      00FF0CABH   BLOCK     CODE     ---       LVL=0
      00FF0CABH   LINE      CODE     ---       #123
      00FF0CABH   LINE      CODE     ---       #125
      00FF0CD3H   LINE      CODE     ---       #126
      00FF0CFAH   LINE      CODE     ---       #127
      00FF0D22H   LINE      CODE     ---       #128
      ---         BLOCKEND  ---      ---       LVL=0

      00FF0ACEH   BLOCK     CODE     ---       LVL=0
      00FF0ACEH   LINE      CODE     ---       #131
      00FF0ACEH   LINE      CODE     ---       #133
      00FF0AF6H   LINE      CODE     ---       #134
      00FF0B1DH   LINE      CODE     ---       #135
      00FF0B45H   LINE      CODE     ---       #136
      ---         BLOCKEND  ---      ---       LVL=0

      ---         MODULE    ---      ---       Encoders
      00FF0DDCH   PUBLIC    CODE     ---       add
      00FF0E55H   PUBLIC    CODE     ---       lose
      00FF0FD5H   PUBLIC    CODE     ---       up_key_detection
      00FF1024H   PUBLIC    CODE     ---       rotary_encoder
      00FF0D4AH   PUBLIC    CODE     ---       Cancel_determine
      00FF05E1H   PUBLIC    CODE     ---       Second_menu_value
      00000057H   PUBLIC    EDATA    WORD      s_count
      00000059H   PUBLIC    EDATA    ---       adjust
      0000005EH   PUBLIC    EDATA    ---       spin
      00000062H   PUBLIC    EDATA    BYTE      part_count
      00000063H   PUBLIC    EDATA    BYTE      Confirm_exit
      00000064H   PUBLIC    EDATA    BYTE      part2_count
      00000020H.0 PUBLIC    BIT      BIT       rising_edge
      00000020H.1 PUBLIC    BIT      BIT       arrow_Value
      00000020H.2 PUBLIC    BIT      BIT       add_lose
      00000020H.3 PUBLIC    BIT      BIT       long_short
      00000020H.4 PUBLIC    BIT      BIT       falling_Down
      000000D0H   SFRSYM    DATA     BYTE      PSW
      0000009DH   SFRSYM    DATA     BYTE      IRCBAND
      00000097H   SFRSYM    DATA     BYTE      AUXR2
      000000EFH   SFRSYM    DATA     BYTE      AUXINTIF
      000000FDH   SFRSYM    DATA     BYTE      S4CON
      000000ACH   SFRSYM    DATA     BYTE      S3CON
      0000009AH   SFRSYM    DATA     BYTE      S2CON
      000000B7H   SFRSYM    DATA     BYTE      IPH
L251 LINKER/LOCATER V4.66.93.0                                                        07/17/2023  21:48:32  PAGE 19


      000000CDH   SFRSYM    DATA     BYTE      SPSTAT
      000000DDH   SFRSYM    DATA     BYTE      T4T3M
      000000C1H   SFRSYM    DATA     BYTE      WDT_CONTR
      000000DFH   SFRSYM    DATA     BYTE      IP3
      000000F4H   SFRSYM    DATA     BYTE      USBCON
      000000B5H   SFRSYM    DATA     BYTE      IP2
      000000FFH   SFRSYM    DATA     BYTE      RSTCFG
      000000C7H   SFRSYM    DATA     BYTE      IAP_CONTR
      000000F9H   SFRSYM    DATA     BYTE      LINICR
      0000008EH   SFRSYM    DATA     BYTE      AUXR
      000000AFH   SFRSYM    DATA     BYTE      IE2
      00000088H   SFRSYM    DATA     BYTE      TCON
      00000089H   SFRSYM    DATA     BYTE      TMOD
      00000098H   SFRSYM    DATA     BYTE      SCON
      000000F1H   SFRSYM    DATA     BYTE      CANICR
      00000087H   SFRSYM    DATA     BYTE      PCON
      000000BCH   SFRSYM    DATA     BYTE      ADC_CONTR
      000000E7H   SFRSYM    DATA     BYTE      CMPCR2
      000000E6H   SFRSYM    DATA     BYTE      CMPCR1
      000000DEH   SFRSYM    DATA     BYTE      ADCCFG
      000000B8H   SFRSYM    DATA     BYTE      IP
      0000008FH   SFRSYM    DATA     BYTE      INTCLKO
      000000B0H.4 SFRSYM    DATA     BIT       EC11_K
      000000EEH   SFRSYM    DATA     BYTE      IP3H
      000000B6H   SFRSYM    DATA     BYTE      IP2H
      000000A8H   SFRSYM    DATA     BYTE      IE
      000000BBH   SFRSYM    DATA     BYTE      P_SW3
      000000BAH   SFRSYM    DATA     BYTE      P_SW2
      000000B0H.3 SFRSYM    DATA     BIT       EC11_B
      000000A2H   SFRSYM    DATA     BYTE      P_SW1
      000000B0H.2 SFRSYM    DATA     BIT       EC11_A
      000000CEH   SFRSYM    DATA     BYTE      SPCTL
      000000F8H   SFRSYM    DATA     BYTE      P7
      000000E8H   SFRSYM    DATA     BYTE      P6
      000000C8H   SFRSYM    DATA     BYTE      P5
      000000C0H   SFRSYM    DATA     BYTE      P4
      000000B0H   SFRSYM    DATA     BYTE      P3
      000000A0H   SFRSYM    DATA     BYTE      P2
      00000090H   SFRSYM    DATA     BYTE      P1
      00000080H   SFRSYM    DATA     BYTE      P0

      00FF0FD5H   BLOCK     CODE     ---       LVL=0
      00FF0FD5H   LINE      CODE     ---       #18
      00FF0FD7H   LINE      CODE     ---       #20
      00FF0FE5H   LINE      CODE     ---       #21
      00FF0FECH   LINE      CODE     ---       #23
      00FF0FF4H   LINE      CODE     ---       #24
      00FF0FFCH   LINE      CODE     ---       #25
      00FF100AH   LINE      CODE     ---       #27
      00FF100CH   LINE      CODE     ---       #28
      00FF101AH   LINE      CODE     ---       #29
      00FF1021H   LINE      CODE     ---       #30
      00FF1021H   LINE      CODE     ---       #31
      00FF1021H   LINE      CODE     ---       #32
      ---         BLOCKEND  ---      ---       LVL=0

      00FF1024H   BLOCK     CODE     ---       LVL=0
      00FF1024H   LINE      CODE     ---       #38
      00FF1024H   LINE      CODE     ---       #40
      00FF1034H   LINE      CODE     ---       #41
      00FF103BH   LINE      CODE     ---       #43
      00FF1043H   LINE      CODE     ---       #44
      00FF104BH   LINE      CODE     ---       #45
      00FF1057H   LINE      CODE     ---       #47
      00FF1059H   LINE      CODE     ---       #48
L251 LINKER/LOCATER V4.66.93.0                                                        07/17/2023  21:48:32  PAGE 20


      00FF1063H   LINE      CODE     ---       #49
      00FF106CH   LINE      CODE     ---       #50
      00FF106CH   LINE      CODE     ---       #51
      00FF106CH   LINE      CODE     ---       #52
      ---         BLOCKEND  ---      ---       LVL=0

      00FF0DDCH   BLOCK     CODE     ---       LVL=0
      00FF0DDCH   LINE      CODE     ---       #60
      00FF0DDCH   LINE      CODE     ---       #62
      00FF0DE2H   LINE      CODE     ---       #64
      00FF0DEAH   LINE      CODE     ---       #66
      00FF0E00H   LINE      CODE     ---       #67
      00FF0E02H   LINE      CODE     ---       #68
      00FF0E07H   LINE      CODE     ---       #70
      00FF0E1DH   LINE      CODE     ---       #71
      00FF0E1DH   LINE      CODE     ---       #72
      00FF0E35H   LINE      CODE     ---       #73
      00FF0E4DH   LINE      CODE     ---       #74
      00FF0E50H   LINE      CODE     ---       #75
      00FF0E50H   LINE      CODE     ---       #78
      00FF0E52H   LINE      CODE     ---       #79
      00FF0E55H   LINE      CODE     ---       #80
      00FF0E55H   LINE      CODE     ---       #81
      ---         BLOCKEND  ---      ---       LVL=0

      00FF0E55H   BLOCK     CODE     ---       LVL=0
      00FF0E55H   LINE      CODE     ---       #88
      00FF0E55H   LINE      CODE     ---       #90
      00FF0E5BH   LINE      CODE     ---       #92
      00FF0E63H   LINE      CODE     ---       #94
      00FF0E79H   LINE      CODE     ---       #95
      00FF0E7BH   LINE      CODE     ---       #96
      00FF0E80H   LINE      CODE     ---       #98
      00FF0E96H   LINE      CODE     ---       #99
      00FF0E96H   LINE      CODE     ---       #100
      00FF0EAEH   LINE      CODE     ---       #101
      00FF0EC6H   LINE      CODE     ---       #102
      00FF0EC9H   LINE      CODE     ---       #103
      00FF0EC9H   LINE      CODE     ---       #106
      00FF0ECBH   LINE      CODE     ---       #107
      00FF0ECEH   LINE      CODE     ---       #108
      00FF0ECEH   LINE      CODE     ---       #109
      ---         BLOCKEND  ---      ---       LVL=0

      00FF05E1H   BLOCK     CODE     ---       LVL=0
      00FF05E1H   LINE      CODE     ---       #115
      00FF05E1H   LINE      CODE     ---       #117
      00FF0605H   LINE      CODE     ---       #118
      00FF0629H   LINE      CODE     ---       #119
      00FF0653H   LINE      CODE     ---       #120
      00FF0666H   LINE      CODE     ---       #122
      00FF067BH   LINE      CODE     ---       #123
      00FF0694H   LINE      CODE     ---       #124
      00FF06A6H   LINE      CODE     ---       #125
      00FF06B9H   LINE      CODE     ---       #127
      00FF06CEH   LINE      CODE     ---       #128
      00FF06E7H   LINE      CODE     ---       #129
      00FF06F8H   LINE      CODE     ---       #130
      00FF070AH   LINE      CODE     ---       #132
      00FF071FH   LINE      CODE     ---       #133
      00FF0738H   LINE      CODE     ---       #134
      00FF074EH   LINE      CODE     ---       #135
      00FF0767H   LINE      CODE     ---       #136
      ---         BLOCKEND  ---      ---       LVL=0

L251 LINKER/LOCATER V4.66.93.0                                                        07/17/2023  21:48:32  PAGE 21


      00FF0D4AH   BLOCK     CODE     ---       LVL=0
      00FF0D4AH   LINE      CODE     ---       #143
      00FF0D4AH   LINE      CODE     ---       #144
      00FF0D4AH   LINE      CODE     ---       #146
      00FF0D56H   LINE      CODE     ---       #148
      00FF0D67H   LINE      CODE     ---       #150
      00FF0D6DH   LINE      CODE     ---       #151
      00FF0D70H   LINE      CODE     ---       #152
      00FF0D72H   LINE      CODE     ---       #153
      00FF0D84H   LINE      CODE     ---       #154
      00FF0D8DH   LINE      CODE     ---       #155
      00FF0D93H   LINE      CODE     ---       #156
      00FF0D94H   LINE      CODE     ---       #157
      00FF0DA5H   LINE      CODE     ---       #159
      00FF0DABH   LINE      CODE     ---       #160
      00FF0DAEH   LINE      CODE     ---       #161
      00FF0DB0H   LINE      CODE     ---       #162
      00FF0DB2H   LINE      CODE     ---       #163
      00FF0DB7H   LINE      CODE     ---       #164
      00FF0DBBH   LINE      CODE     ---       #165
      00FF0DBFH   LINE      CODE     ---       #166
      00FF0DC3H   LINE      CODE     ---       #167
      00FF0DC4H   LINE      CODE     ---       #168
      00FF0DD5H   LINE      CODE     ---       #170
      00FF0DDBH   LINE      CODE     ---       #171
      00FF0DDBH   LINE      CODE     ---       #173
      ---         BLOCKEND  ---      ---       LVL=0

      ---         MODULE    ---      ---       timer
      00FF1433H   PUBLIC    CODE     ---       Timer1Init
      000000D0H   SFRSYM    DATA     BYTE      PSW
      0000009DH   SFRSYM    DATA     BYTE      IRCBAND
      00000097H   SFRSYM    DATA     BYTE      AUXR2
      000000EFH   SFRSYM    DATA     BYTE      AUXINTIF
      000000FDH   SFRSYM    DATA     BYTE      S4CON
      000000ACH   SFRSYM    DATA     BYTE      S3CON
      0000009AH   SFRSYM    DATA     BYTE      S2CON
      000000B7H   SFRSYM    DATA     BYTE      IPH
      000000CDH   SFRSYM    DATA     BYTE      SPSTAT
      000000DDH   SFRSYM    DATA     BYTE      T4T3M
      000000C1H   SFRSYM    DATA     BYTE      WDT_CONTR
      00000088H.6 SFRSYM    DATA     BIT       TR1
      0000008BH   SFRSYM    DATA     BYTE      TL1
      0000008DH   SFRSYM    DATA     BYTE      TH1
      000000DFH   SFRSYM    DATA     BYTE      IP3
      000000F4H   SFRSYM    DATA     BYTE      USBCON
      00000088H.7 SFRSYM    DATA     BIT       TF1
      000000B5H   SFRSYM    DATA     BYTE      IP2
      000000FFH   SFRSYM    DATA     BYTE      RSTCFG
      000000A8H.3 SFRSYM    DATA     BIT       ET1
      000000C7H   SFRSYM    DATA     BYTE      IAP_CONTR
      000000F9H   SFRSYM    DATA     BYTE      LINICR
      0000008EH   SFRSYM    DATA     BYTE      AUXR
      000000AFH   SFRSYM    DATA     BYTE      IE2
      00000088H   SFRSYM    DATA     BYTE      TCON
      00000089H   SFRSYM    DATA     BYTE      TMOD
      00000098H   SFRSYM    DATA     BYTE      SCON
      000000F1H   SFRSYM    DATA     BYTE      CANICR
      00000087H   SFRSYM    DATA     BYTE      PCON
      000000BCH   SFRSYM    DATA     BYTE      ADC_CONTR
      000000E7H   SFRSYM    DATA     BYTE      CMPCR2
      000000E6H   SFRSYM    DATA     BYTE      CMPCR1
      000000DEH   SFRSYM    DATA     BYTE      ADCCFG
      000000B8H   SFRSYM    DATA     BYTE      IP
      0000008FH   SFRSYM    DATA     BYTE      INTCLKO
L251 LINKER/LOCATER V4.66.93.0                                                        07/17/2023  21:48:32  PAGE 22


      000000EEH   SFRSYM    DATA     BYTE      IP3H
      000000B6H   SFRSYM    DATA     BYTE      IP2H
      000000A8H   SFRSYM    DATA     BYTE      IE
      000000BBH   SFRSYM    DATA     BYTE      P_SW3
      000000BAH   SFRSYM    DATA     BYTE      P_SW2
      000000A2H   SFRSYM    DATA     BYTE      P_SW1
      000000CEH   SFRSYM    DATA     BYTE      SPCTL
      000000F8H   SFRSYM    DATA     BYTE      P7
      000000A8H.7 SFRSYM    DATA     BIT       EA
      000000E8H   SFRSYM    DATA     BYTE      P6
      000000C8H   SFRSYM    DATA     BYTE      P5
      000000C0H   SFRSYM    DATA     BYTE      P4
      000000B0H   SFRSYM    DATA     BYTE      P3
      000000A0H   SFRSYM    DATA     BYTE      P2
      00000090H   SFRSYM    DATA     BYTE      P1
      00000080H   SFRSYM    DATA     BYTE      P0

      00FF1433H   BLOCK     CODE     ---       LVL=0
      00FF1433H   LINE      CODE     ---       #3
      00FF1433H   LINE      CODE     ---       #5
      00FF1436H   LINE      CODE     ---       #6
      00FF1439H   LINE      CODE     ---       #7
      00FF143CH   LINE      CODE     ---       #8
      00FF143FH   LINE      CODE     ---       #9
      00FF1441H   LINE      CODE     ---       #10
      00FF1443H   LINE      CODE     ---       #11
      00FF1445H   LINE      CODE     ---       #12
      00FF1447H   LINE      CODE     ---       #13
      ---         BLOCKEND  ---      ---       LVL=0

      ---         MODULE    ---      ---       Uart
      00FF13C5H   PUBLIC    CODE     ---       UartInit
      00FF1486H   PUBLIC    CODE     ---       Uart1_Isr
      00FF1490H   PUBLIC    CODE     ---       Uart_sendbyte
      00FF13F3H   PUBLIC    CODE     ---       Uart_String
      000000D0H   SFRSYM    DATA     BYTE      PSW
      0000009DH   SFRSYM    DATA     BYTE      IRCBAND
      00000097H   SFRSYM    DATA     BYTE      AUXR2
      000000EFH   SFRSYM    DATA     BYTE      AUXINTIF
      000000FDH   SFRSYM    DATA     BYTE      S4CON
      000000ACH   SFRSYM    DATA     BYTE      S3CON
      0000009AH   SFRSYM    DATA     BYTE      S2CON
      000000B7H   SFRSYM    DATA     BYTE      IPH
      000000CDH   SFRSYM    DATA     BYTE      SPSTAT
      000000DDH   SFRSYM    DATA     BYTE      T4T3M
      000000C1H   SFRSYM    DATA     BYTE      WDT_CONTR
      000000D7H   SFRSYM    DATA     BYTE      T2L
      000000D6H   SFRSYM    DATA     BYTE      T2H
      000000DFH   SFRSYM    DATA     BYTE      IP3
      000000F4H   SFRSYM    DATA     BYTE      USBCON
      000000B5H   SFRSYM    DATA     BYTE      IP2
      000000FFH   SFRSYM    DATA     BYTE      RSTCFG
      000000C7H   SFRSYM    DATA     BYTE      IAP_CONTR
      000000F9H   SFRSYM    DATA     BYTE      LINICR
      0000008EH   SFRSYM    DATA     BYTE      AUXR
      000000AFH   SFRSYM    DATA     BYTE      IE2
      00000088H   SFRSYM    DATA     BYTE      TCON
      00000089H   SFRSYM    DATA     BYTE      TMOD
      00000098H   SFRSYM    DATA     BYTE      SCON
      000000F1H   SFRSYM    DATA     BYTE      CANICR
      00000087H   SFRSYM    DATA     BYTE      PCON
      00000099H   SFRSYM    DATA     BYTE      SBUF
      000000BCH   SFRSYM    DATA     BYTE      ADC_CONTR
      000000E7H   SFRSYM    DATA     BYTE      CMPCR2
      000000E6H   SFRSYM    DATA     BYTE      CMPCR1
L251 LINKER/LOCATER V4.66.93.0                                                        07/17/2023  21:48:32  PAGE 23


      00000098H.1 SFRSYM    DATA     BIT       TI
      00000098H.0 SFRSYM    DATA     BIT       RI
      000000DEH   SFRSYM    DATA     BYTE      ADCCFG
      000000B8H   SFRSYM    DATA     BYTE      IP
      000000A8H.4 SFRSYM    DATA     BIT       ES
      0000008FH   SFRSYM    DATA     BYTE      INTCLKO
      000000EEH   SFRSYM    DATA     BYTE      IP3H
      000000B6H   SFRSYM    DATA     BYTE      IP2H
      000000A8H   SFRSYM    DATA     BYTE      IE
      000000BBH   SFRSYM    DATA     BYTE      P_SW3
      000000BAH   SFRSYM    DATA     BYTE      P_SW2
      000000A2H   SFRSYM    DATA     BYTE      P_SW1
      000000CEH   SFRSYM    DATA     BYTE      SPCTL
      000000F8H   SFRSYM    DATA     BYTE      P7
      000000A8H.7 SFRSYM    DATA     BIT       EA
      000000E8H   SFRSYM    DATA     BYTE      P6
      000000C8H   SFRSYM    DATA     BYTE      P5
      000000C0H   SFRSYM    DATA     BYTE      P4
      000000B0H   SFRSYM    DATA     BYTE      P3
      000000A0H   SFRSYM    DATA     BYTE      P2
      00000090H   SFRSYM    DATA     BYTE      P1
      00000080H   SFRSYM    DATA     BYTE      P0

      00FF13C5H   BLOCK     CODE     ---       LVL=0
      00FF13C5H   LINE      CODE     ---       #2
      00FF13C5H   LINE      CODE     ---       #4
      00FF13C8H   LINE      CODE     ---       #5
      00FF13CBH   LINE      CODE     ---       #6
      00FF13CEH   LINE      CODE     ---       #7
      00FF13D1H   LINE      CODE     ---       #8
      00FF13D4H   LINE      CODE     ---       #9
      00FF13D7H   LINE      CODE     ---       #10
      00FF13D9H   LINE      CODE     ---       #11
      00FF13DBH   LINE      CODE     ---       #12
      ---         BLOCKEND  ---      ---       LVL=0

      00FF1490H   BLOCK     CODE     ---       LVL=0
      R11         REGSYM    ---      BYTE      byte
      00FF1490H   LINE      CODE     ---       #14
      00FF1490H   LINE      CODE     ---       #16
      00FF1493H   LINE      CODE     ---       #17
      00FF1496H   LINE      CODE     ---       #18
      00FF1498H   LINE      CODE     ---       #19
      ---         BLOCKEND  ---      ---       LVL=0

      00FF13F3H   BLOCK     CODE     ---       LVL=0
      REG=3       REGSYM    ---      ---       p
      00FF13F3H   LINE      CODE     ---       #21
      00FF13F7H   LINE      CODE     ---       #23
      00FF13F9H   LINE      CODE     ---       #25
      00FF1401H   LINE      CODE     ---       #26
      00FF1406H   LINE      CODE     ---       #27
      ---         BLOCKEND  ---      ---       LVL=0

      00FF1486H   BLOCK     CODE     ---       LVL=0
      00FF1486H   LINE      CODE     ---       #29
      00FF1488H   LINE      CODE     ---       #31
      00FF148BH   LINE      CODE     ---       #33
      00FF148DH   LINE      CODE     ---       #34
      ---         BLOCKEND  ---      ---       LVL=0

      ---         MODULE    ---      ---       iic
      00FF147AH   PUBLIC    CODE     ---       IIC_Delay
      00FF145BH   PUBLIC    CODE     ---       IIC_Start
      00FF11EFH   PUBLIC    CODE     ---       Hall_element
L251 LINKER/LOCATER V4.66.93.0                                                        07/17/2023  21:48:32  PAGE 24


      00FF13DCH   PUBLIC    CODE     ---       IIC_SendAck
      00FF121EH   PUBLIC    CODE     ---       IIC_SendByte
      00FF1448H   PUBLIC    CODE     ---       IIC_WaitAck
      00FF146CH   PUBLIC    CODE     ---       IIC_Stop
      00FF134FH   PUBLIC    CODE     ---       IIC_RecByte
      00000020H.5 PUBLIC    BIT      BIT       ?IIC_SendAck?BIT
      000000D0H   SFRSYM    DATA     BYTE      PSW
      0000009DH   SFRSYM    DATA     BYTE      IRCBAND
      00000097H   SFRSYM    DATA     BYTE      AUXR2
      000000EFH   SFRSYM    DATA     BYTE      AUXINTIF
      000000FDH   SFRSYM    DATA     BYTE      S4CON
      000000ACH   SFRSYM    DATA     BYTE      S3CON
      0000009AH   SFRSYM    DATA     BYTE      S2CON
      000000A0H.0 SFRSYM    DATA     BIT       SCL
      000000B7H   SFRSYM    DATA     BYTE      IPH
      000000CDH   SFRSYM    DATA     BYTE      SPSTAT
      000000DDH   SFRSYM    DATA     BYTE      T4T3M
      000000C1H   SFRSYM    DATA     BYTE      WDT_CONTR
      000000A0H.2 SFRSYM    DATA     BIT       SDA
      000000DFH   SFRSYM    DATA     BYTE      IP3
      000000F4H   SFRSYM    DATA     BYTE      USBCON
      000000B5H   SFRSYM    DATA     BYTE      IP2
      000000FFH   SFRSYM    DATA     BYTE      RSTCFG
      000000C7H   SFRSYM    DATA     BYTE      IAP_CONTR
      000000F9H   SFRSYM    DATA     BYTE      LINICR
      0000008EH   SFRSYM    DATA     BYTE      AUXR
      000000AFH   SFRSYM    DATA     BYTE      IE2
      00000088H   SFRSYM    DATA     BYTE      TCON
      00000089H   SFRSYM    DATA     BYTE      TMOD
      00000098H   SFRSYM    DATA     BYTE      SCON
      000000F1H   SFRSYM    DATA     BYTE      CANICR
      00000087H   SFRSYM    DATA     BYTE      PCON
      000000BCH   SFRSYM    DATA     BYTE      ADC_CONTR
      000000E7H   SFRSYM    DATA     BYTE      CMPCR2
      000000E6H   SFRSYM    DATA     BYTE      CMPCR1
      000000DEH   SFRSYM    DATA     BYTE      ADCCFG
      000000B8H   SFRSYM    DATA     BYTE      IP
      0000008FH   SFRSYM    DATA     BYTE      INTCLKO
      000000EEH   SFRSYM    DATA     BYTE      IP3H
      000000B6H   SFRSYM    DATA     BYTE      IP2H
      000000A8H   SFRSYM    DATA     BYTE      IE
      000000BBH   SFRSYM    DATA     BYTE      P_SW3
      000000BAH   SFRSYM    DATA     BYTE      P_SW2
      000000A2H   SFRSYM    DATA     BYTE      P_SW1
      000000CEH   SFRSYM    DATA     BYTE      SPCTL
      000000F8H   SFRSYM    DATA     BYTE      P7
      000000E8H   SFRSYM    DATA     BYTE      P6
      000000C8H   SFRSYM    DATA     BYTE      P5
      000000C0H   SFRSYM    DATA     BYTE      P4
      000000B0H   SFRSYM    DATA     BYTE      P3
      000000A0H   SFRSYM    DATA     BYTE      P2
      00000090H   SFRSYM    DATA     BYTE      P1
      00000080H   SFRSYM    DATA     BYTE      P0

      00FF147AH   BLOCK     CODE     ---       LVL=0
      R7          REGSYM    ---      BYTE      i
      00FF147AH   LINE      CODE     ---       #8
      00FF147CH   LINE      CODE     ---       #10
      00FF1485H   LINE      CODE     ---       #12
      ---         BLOCKEND  ---      ---       LVL=0

      00FF145BH   BLOCK     CODE     ---       LVL=0
      00FF145BH   LINE      CODE     ---       #15
      00FF145BH   LINE      CODE     ---       #17
      00FF145DH   LINE      CODE     ---       #18
L251 LINKER/LOCATER V4.66.93.0                                                        07/17/2023  21:48:32  PAGE 25


      00FF145FH   LINE      CODE     ---       #19
      00FF1464H   LINE      CODE     ---       #20
      00FF1466H   LINE      CODE     ---       #21
      00FF1469H   LINE      CODE     ---       #22
      00FF146BH   LINE      CODE     ---       #23
      ---         BLOCKEND  ---      ---       LVL=0

      00FF146CH   BLOCK     CODE     ---       LVL=0
      00FF146CH   LINE      CODE     ---       #26
      00FF146CH   LINE      CODE     ---       #28
      00FF146EH   LINE      CODE     ---       #29
      00FF1470H   LINE      CODE     ---       #30
      00FF1475H   LINE      CODE     ---       #31
      00FF1477H   LINE      CODE     ---       #32
      ---         BLOCKEND  ---      ---       LVL=0

      00FF13DCH   BLOCK     CODE     ---       LVL=0
      00000020H.5 SYMBOL    BIT      BIT       ackbit
      00FF13DCH   LINE      CODE     ---       #36
      00FF13DCH   LINE      CODE     ---       #38
      00FF13DEH   LINE      CODE     ---       #39
      00FF13E2H   LINE      CODE     ---       #40
      00FF13E7H   LINE      CODE     ---       #41
      00FF13E9H   LINE      CODE     ---       #42
      00FF13ECH   LINE      CODE     ---       #43
      00FF13EEH   LINE      CODE     ---       #44
      00FF13F0H   LINE      CODE     ---       #45
      ---         BLOCKEND  ---      ---       LVL=0

      00FF1448H   BLOCK     CODE     ---       LVL=0
      00000020H.6 SYMBOL    BIT      BIT       ackbit
      00FF1448H   LINE      CODE     ---       #49
      00FF1448H   LINE      CODE     ---       #50
      00FF1448H   LINE      CODE     ---       #52
      00FF144AH   LINE      CODE     ---       #53
      00FF144FH   LINE      CODE     ---       #54
      00FF1453H   LINE      CODE     ---       #55
      00FF1455H   LINE      CODE     ---       #56
      00FF1458H   LINE      CODE     ---       #57
      00FF145AH   LINE      CODE     ---       #58
      ---         BLOCKEND  ---      ---       LVL=0

      00FF121EH   BLOCK     CODE     ---       LVL=0
      R15         REGSYM    ---      BYTE      byt
      00FF1222H   BLOCK     CODE     NEAR LAB  LVL=1
      R14         REGSYM    ---      BYTE      i
      ---         BLOCKEND  ---      ---       LVL=1
      00FF121EH   LINE      CODE     ---       #61
      00FF1222H   LINE      CODE     ---       #62
      00FF1222H   LINE      CODE     ---       #63
      00FF1222H   LINE      CODE     ---       #64
      00FF1225H   LINE      CODE     ---       #66
      00FF1227H   LINE      CODE     ---       #67
      00FF122CH   LINE      CODE     ---       #68
      00FF1235H   LINE      CODE     ---       #69
      00FF1237H   LINE      CODE     ---       #70
      00FF123CH   LINE      CODE     ---       #71
      00FF123EH   LINE      CODE     ---       #72
      00FF1240H   LINE      CODE     ---       #73
      00FF1243H   LINE      CODE     ---       #74
      00FF1247H   LINE      CODE     ---       #75
      00FF1249H   LINE      CODE     ---       #76
      ---         BLOCKEND  ---      ---       LVL=0

      00FF134FH   BLOCK     CODE     ---       LVL=0
L251 LINKER/LOCATER V4.66.93.0                                                        07/17/2023  21:48:32  PAGE 26


      00FF1351H   BLOCK     CODE     NEAR LAB  LVL=1
      R14         REGSYM    ---      BYTE      i
      R15         REGSYM    ---      BYTE      da
      ---         BLOCKEND  ---      ---       LVL=1
      00FF134FH   LINE      CODE     ---       #79
      00FF1351H   LINE      CODE     ---       #80
      00FF1351H   LINE      CODE     ---       #81
      00FF1353H   LINE      CODE     ---       #82
      00FF1356H   LINE      CODE     ---       #84
      00FF1358H   LINE      CODE     ---       #85
      00FF135DH   LINE      CODE     ---       #86
      00FF135FH   LINE      CODE     ---       #87
      00FF1365H   LINE      CODE     ---       #88
      00FF1367H   LINE      CODE     ---       #89
      00FF136CH   LINE      CODE     ---       #90
      00FF1370H   LINE      CODE     ---       #91
      00FF1372H   LINE      CODE     ---       #92
      ---         BLOCKEND  ---      ---       LVL=0

      00FF11EFH   BLOCK     CODE     ---       LVL=0
      R15         REGSYM    ---      BYTE      readaddr
      00FF11F3H   BLOCK     CODE     NEAR LAB  LVL=1
      R15         REGSYM    ---      BYTE      temp
      ---         BLOCKEND  ---      ---       LVL=1
      00FF11EFH   LINE      CODE     ---       #93
      00FF11F3H   LINE      CODE     ---       #94
      00FF11F3H   LINE      CODE     ---       #95
      00FF11F3H   LINE      CODE     ---       #96
      00FF11F6H   LINE      CODE     ---       #97
      00FF11FBH   LINE      CODE     ---       #98
      00FF11FEH   LINE      CODE     ---       #99
      00FF1203H   LINE      CODE     ---       #100
      00FF1206H   LINE      CODE     ---       #102
      00FF1209H   LINE      CODE     ---       #103
      00FF120EH   LINE      CODE     ---       #104
      00FF1211H   LINE      CODE     ---       #105
      00FF1216H   LINE      CODE     ---       #106
      00FF1219H   LINE      CODE     ---       #107
      00FF121BH   LINE      CODE     ---       #108
      ---         BLOCKEND  ---      ---       LVL=0

      ---         MODULE    ---      ---       pwm
      00FF12FAH   PUBLIC    CODE     ---       Pwm_Fun
      00000078H   PUBLIC    EDATA    BYTE      Pwm_value
      00000079H   PUBLIC    EDATA    BYTE      Pwm_count
      000000D0H   SFRSYM    DATA     BYTE      PSW
      0000009DH   SFRSYM    DATA     BYTE      IRCBAND
      00000097H   SFRSYM    DATA     BYTE      AUXR2
      000000E8H.2 SFRSYM    DATA     BIT       PWM_PIN1
      000000EFH   SFRSYM    DATA     BYTE      AUXINTIF
      000000FDH   SFRSYM    DATA     BYTE      S4CON
      000000ACH   SFRSYM    DATA     BYTE      S3CON
      0000009AH   SFRSYM    DATA     BYTE      S2CON
      000000B7H   SFRSYM    DATA     BYTE      IPH
      000000CDH   SFRSYM    DATA     BYTE      SPSTAT
      000000DDH   SFRSYM    DATA     BYTE      T4T3M
      000000C1H   SFRSYM    DATA     BYTE      WDT_CONTR
      000000DFH   SFRSYM    DATA     BYTE      IP3
      000000F4H   SFRSYM    DATA     BYTE      USBCON
      000000B5H   SFRSYM    DATA     BYTE      IP2
      000000FFH   SFRSYM    DATA     BYTE      RSTCFG
      000000C7H   SFRSYM    DATA     BYTE      IAP_CONTR
      000000F9H   SFRSYM    DATA     BYTE      LINICR
      0000008EH   SFRSYM    DATA     BYTE      AUXR
      000000AFH   SFRSYM    DATA     BYTE      IE2
L251 LINKER/LOCATER V4.66.93.0                                                        07/17/2023  21:48:32  PAGE 27


      000000E8H.3 SFRSYM    DATA     BIT       PWM_PIN
      00000088H   SFRSYM    DATA     BYTE      TCON
      00000089H   SFRSYM    DATA     BYTE      TMOD
      00000098H   SFRSYM    DATA     BYTE      SCON
      000000F1H   SFRSYM    DATA     BYTE      CANICR
      00000087H   SFRSYM    DATA     BYTE      PCON
      000000BCH   SFRSYM    DATA     BYTE      ADC_CONTR
      000000E7H   SFRSYM    DATA     BYTE      CMPCR2
      000000E6H   SFRSYM    DATA     BYTE      CMPCR1
      000000DEH   SFRSYM    DATA     BYTE      ADCCFG
      000000B8H   SFRSYM    DATA     BYTE      IP
      0000008FH   SFRSYM    DATA     BYTE      INTCLKO
      000000EEH   SFRSYM    DATA     BYTE      IP3H
      000000B6H   SFRSYM    DATA     BYTE      IP2H
      000000A8H   SFRSYM    DATA     BYTE      IE
      000000BBH   SFRSYM    DATA     BYTE      P_SW3
      000000BAH   SFRSYM    DATA     BYTE      P_SW2
      000000A2H   SFRSYM    DATA     BYTE      P_SW1
      000000CEH   SFRSYM    DATA     BYTE      SPCTL
      000000F8H   SFRSYM    DATA     BYTE      P7
      000000E8H   SFRSYM    DATA     BYTE      P6
      000000C8H   SFRSYM    DATA     BYTE      P5
      000000C0H   SFRSYM    DATA     BYTE      P4
      000000B0H   SFRSYM    DATA     BYTE      P3
      000000A0H   SFRSYM    DATA     BYTE      P2
      00000090H   SFRSYM    DATA     BYTE      P1
      00000080H   SFRSYM    DATA     BYTE      P0

      00FF12FAH   BLOCK     CODE     ---       LVL=0
      00FF12FAH   LINE      CODE     ---       #5
      00FF12FAH   LINE      CODE     ---       #7
      00FF1303H   LINE      CODE     ---       #8
      00FF130CH   LINE      CODE     ---       #9
      00FF1311H   LINE      CODE     ---       #10
      00FF1311H   LINE      CODE     ---       #11
      00FF131BH   LINE      CODE     ---       #12
      00FF131DH   LINE      CODE     ---       #13
      00FF131FH   LINE      CODE     ---       #14
      00FF1320H   LINE      CODE     ---       #16
      00FF1322H   LINE      CODE     ---       #17
      00FF1324H   LINE      CODE     ---       #18
      00FF1324H   LINE      CODE     ---       #19
      ---         BLOCKEND  ---      ---       LVL=0

      ---         MODULE    ---      ---       GPIO
      00FF1147H   PUBLIC    CODE     ---       GPIO_init
      00000094H   SFRSYM    DATA     BYTE      P0M0
      000000D0H   SFRSYM    DATA     BYTE      PSW
      000000BAH.7 SFRSYM    DATA     BIT       EAXFR
      0000009DH   SFRSYM    DATA     BYTE      IRCBAND
      00000097H   SFRSYM    DATA     BYTE      AUXR2
      000000EAH   SFRSYM    DATA     BYTE      CKCON
      000000EFH   SFRSYM    DATA     BYTE      AUXINTIF
      000000FDH   SFRSYM    DATA     BYTE      S4CON
      000000ACH   SFRSYM    DATA     BYTE      S3CON
      0000009AH   SFRSYM    DATA     BYTE      S2CON
      000000B7H   SFRSYM    DATA     BYTE      IPH
      000000CDH   SFRSYM    DATA     BYTE      SPSTAT
      000000DDH   SFRSYM    DATA     BYTE      T4T3M
      000000C1H   SFRSYM    DATA     BYTE      WDT_CONTR
      000000E9H   SFRSYM    DATA     BYTE      WTST
      000000DFH   SFRSYM    DATA     BYTE      IP3
      000000F4H   SFRSYM    DATA     BYTE      USBCON
      000000B5H   SFRSYM    DATA     BYTE      IP2
      000000FFH   SFRSYM    DATA     BYTE      RSTCFG
L251 LINKER/LOCATER V4.66.93.0                                                        07/17/2023  21:48:32  PAGE 28


      000000C7H   SFRSYM    DATA     BYTE      IAP_CONTR
      000000F9H   SFRSYM    DATA     BYTE      LINICR
      0000008EH   SFRSYM    DATA     BYTE      AUXR
      000000AFH   SFRSYM    DATA     BYTE      IE2
      00000088H   SFRSYM    DATA     BYTE      TCON
      00000089H   SFRSYM    DATA     BYTE      TMOD
      00000098H   SFRSYM    DATA     BYTE      SCON
      000000F1H   SFRSYM    DATA     BYTE      CANICR
      00000087H   SFRSYM    DATA     BYTE      PCON
      000000BCH   SFRSYM    DATA     BYTE      ADC_CONTR
      000000E7H   SFRSYM    DATA     BYTE      CMPCR2
      000000E6H   SFRSYM    DATA     BYTE      CMPCR1
      000000DEH   SFRSYM    DATA     BYTE      ADCCFG
      000000B8H   SFRSYM    DATA     BYTE      IP
      0000008FH   SFRSYM    DATA     BYTE      INTCLKO
      000000EEH   SFRSYM    DATA     BYTE      IP3H
      000000B6H   SFRSYM    DATA     BYTE      IP2H
      000000A8H   SFRSYM    DATA     BYTE      IE
      000000BBH   SFRSYM    DATA     BYTE      P_SW3
      000000BAH   SFRSYM    DATA     BYTE      P_SW2
      000000A2H   SFRSYM    DATA     BYTE      P_SW1
      000000CEH   SFRSYM    DATA     BYTE      SPCTL
      000000F8H   SFRSYM    DATA     BYTE      P7
      000000E1H   SFRSYM    DATA     BYTE      P7M1
      000000E8H   SFRSYM    DATA     BYTE      P6
      000000C8H   SFRSYM    DATA     BYTE      P5
      000000CBH   SFRSYM    DATA     BYTE      P6M1
      000000E2H   SFRSYM    DATA     BYTE      P7M0
      000000C0H   SFRSYM    DATA     BYTE      P4
      000000C9H   SFRSYM    DATA     BYTE      P5M1
      000000CCH   SFRSYM    DATA     BYTE      P6M0
      000000B0H   SFRSYM    DATA     BYTE      P3
      000000B3H   SFRSYM    DATA     BYTE      P4M1
      000000CAH   SFRSYM    DATA     BYTE      P5M0
      000000A0H   SFRSYM    DATA     BYTE      P2
      000000B1H   SFRSYM    DATA     BYTE      P3M1
      000000B4H   SFRSYM    DATA     BYTE      P4M0
      00000090H   SFRSYM    DATA     BYTE      P1
      00000095H   SFRSYM    DATA     BYTE      P2M1
      000000B2H   SFRSYM    DATA     BYTE      P3M0
      00000080H   SFRSYM    DATA     BYTE      P0
      00000091H   SFRSYM    DATA     BYTE      P1M1
      00000096H   SFRSYM    DATA     BYTE      P2M0
      00000092H   SFRSYM    DATA     BYTE      P1M0
      00000093H   SFRSYM    DATA     BYTE      P0M1

      00FF1147H   BLOCK     CODE     ---       LVL=0
      00FF1147H   LINE      CODE     ---       #3
      00FF1147H   LINE      CODE     ---       #5
      00FF114AH   LINE      CODE     ---       #6
      00FF114DH   LINE      CODE     ---       #7
      00FF1150H   LINE      CODE     ---       #9
      00FF1156H   LINE      CODE     ---       #10
      00FF115CH   LINE      CODE     ---       #11
      00FF1162H   LINE      CODE     ---       #12
      00FF1168H   LINE      CODE     ---       #13
      00FF116EH   LINE      CODE     ---       #14
      00FF1174H   LINE      CODE     ---       #15
      00FF117AH   LINE      CODE     ---       #16
      00FF1180H   LINE      CODE     ---       #17
      ---         BLOCKEND  ---      ---       LVL=0

      ---         MODULE    ---      ---       motor
      000000D0H   SFRSYM    DATA     BYTE      PSW
      0000009DH   SFRSYM    DATA     BYTE      IRCBAND
L251 LINKER/LOCATER V4.66.93.0                                                        07/17/2023  21:48:32  PAGE 29


      00000097H   SFRSYM    DATA     BYTE      AUXR2
      000000EFH   SFRSYM    DATA     BYTE      AUXINTIF
      000000FDH   SFRSYM    DATA     BYTE      S4CON
      000000ACH   SFRSYM    DATA     BYTE      S3CON
      0000009AH   SFRSYM    DATA     BYTE      S2CON
      000000B7H   SFRSYM    DATA     BYTE      IPH
      000000CDH   SFRSYM    DATA     BYTE      SPSTAT
      000000DDH   SFRSYM    DATA     BYTE      T4T3M
      000000C1H   SFRSYM    DATA     BYTE      WDT_CONTR
      000000DFH   SFRSYM    DATA     BYTE      IP3
      000000F4H   SFRSYM    DATA     BYTE      USBCON
      000000B5H   SFRSYM    DATA     BYTE      IP2
      000000FFH   SFRSYM    DATA     BYTE      RSTCFG
      000000C7H   SFRSYM    DATA     BYTE      IAP_CONTR
      000000F9H   SFRSYM    DATA     BYTE      LINICR
      0000008EH   SFRSYM    DATA     BYTE      AUXR
      000000AFH   SFRSYM    DATA     BYTE      IE2
      00000088H   SFRSYM    DATA     BYTE      TCON
      00000089H   SFRSYM    DATA     BYTE      TMOD
      00000098H   SFRSYM    DATA     BYTE      SCON
      000000F1H   SFRSYM    DATA     BYTE      CANICR
      00000087H   SFRSYM    DATA     BYTE      PCON
      000000BCH   SFRSYM    DATA     BYTE      ADC_CONTR
      000000E7H   SFRSYM    DATA     BYTE      CMPCR2
      000000E6H   SFRSYM    DATA     BYTE      CMPCR1
      000000DEH   SFRSYM    DATA     BYTE      ADCCFG
      000000B8H   SFRSYM    DATA     BYTE      IP
      0000008FH   SFRSYM    DATA     BYTE      INTCLKO
      000000EEH   SFRSYM    DATA     BYTE      IP3H
      000000B6H   SFRSYM    DATA     BYTE      IP2H
      000000A8H   SFRSYM    DATA     BYTE      IE
      000000BBH   SFRSYM    DATA     BYTE      P_SW3
      000000BAH   SFRSYM    DATA     BYTE      P_SW2
      000000A2H   SFRSYM    DATA     BYTE      P_SW1
      000000CEH   SFRSYM    DATA     BYTE      SPCTL
      000000F8H   SFRSYM    DATA     BYTE      P7
      000000E8H   SFRSYM    DATA     BYTE      P6
      000000C8H   SFRSYM    DATA     BYTE      P5
      000000C0H   SFRSYM    DATA     BYTE      P4
      000000B0H   SFRSYM    DATA     BYTE      P3
      000000A0H   SFRSYM    DATA     BYTE      P2
      00000090H   SFRSYM    DATA     BYTE      P1
      00000080H   SFRSYM    DATA     BYTE      P0

      ---         MODULE    ---      ---       ?C?FPMUL
      00FF041AH   PUBLIC    CODE     ---       ?C?FPMUL

      ---         MODULE    ---      ---       ?C?FCAST
      00FF04C4H   PUBLIC    CODE     NEAR LAB  ?C?FCASTC
      00FF04BFH   PUBLIC    CODE     NEAR LAB  ?C?FCASTI
      00FF04BAH   PUBLIC    CODE     NEAR LAB  ?C?FCASTL

      ---         MODULE    ---      ---       ?C?CASTF
      00FF04F7H   PUBLIC    CODE     NEAR LAB  ?C?CASTF

      ---         MODULE    ---      ---       ?C?FPGETOPN
      00FF0534H   PUBLIC    CODE     ---       ?C?FPGETOPN2
      00FF0571H   PUBLIC    CODE     ---       ?C?FPNANRESULT
      00FF0579H   PUBLIC    CODE     ---       ?C?FPOVERFLOW
      00FF054DH   PUBLIC    CODE     ---       ?C?FPRESULT
      00FF0563H   PUBLIC    CODE     ---       ?C?FPRESULT2
      00FF0576H   PUBLIC    CODE     ---       ?C?FPUNDERFLOW

      ---         MODULE    ---      ---       ?C_START
      00FF0000H   PUBLIC    CODE     ---       ?C?STARTUP
L251 LINKER/LOCATER V4.66.93.0                                                        07/17/2023  21:48:32  PAGE 30


      00FF0000H   PUBLIC    CODE     ---       ?C_STARTUP

      ---         MODULE    ---      ---       ?C?INITEDATA
      00FF10D5H   PUBLIC    CODE     ---       ?C?INITEDATA

      ---         MODULE    ---      ---       ?C?LIMUL
      00FF0585H   PUBLIC    CODE     ---       ?C?LIMUL

      ---         MODULE    ---      ---       ?C?ULDIV
      00FF0590H   PUBLIC    CODE     NEAR LAB  ?C?ULDIV
      00FF058EH   PUBLIC    CODE     NEAR LAB  ?C?ULIDIV

      ---         MODULE    ---      ---       ?C?INITEDATA_END
      00FF15A1H   PUBLIC    HCONST   WORD      ?C?INITEDATA_END



*** WARNING L57: UNCALLED FUNCTION, IGNORED FOR OVERLAY PROCESS
    NAME:    OLED_Display_string_5x7/oled

*** WARNING L57: UNCALLED FUNCTION, IGNORED FOR OVERLAY PROCESS
    NAME:    OLED_DisPlay_Off/oled

*** WARNING L57: UNCALLED FUNCTION, IGNORED FOR OVERLAY PROCESS
    NAME:    OLED_Display_128x64/oled

*** WARNING L57: UNCALLED FUNCTION, IGNORED FOR OVERLAY PROCESS
    NAME:    OLED_DisPlay_On/oled

*** WARNING L57: UNCALLED FUNCTION, IGNORED FOR OVERLAY PROCESS
    NAME:    Meun_2_control/Meun

*** WARNING L57: UNCALLED FUNCTION, IGNORED FOR OVERLAY PROCESS
    NAME:    Meun_2_angle/Meun

*** WARNING L57: UNCALLED FUNCTION, IGNORED FOR OVERLAY PROCESS
    NAME:    Memu/Meun

*** WARNING L57: UNCALLED FUNCTION, IGNORED FOR OVERLAY PROCESS
    NAME:    Meun_2_speed/Meun

*** WARNING L57: UNCALLED FUNCTION, IGNORED FOR OVERLAY PROCESS
    NAME:    Meun_2_Pitching/Meun

*** WARNING L57: UNCALLED FUNCTION, IGNORED FOR OVERLAY PROCESS
    NAME:    rotary_encoder/Encoders

*** WARNING L57: UNCALLED FUNCTION, IGNORED FOR OVERLAY PROCESS
    NAME:    Cancel_determine/Encoders

*** WARNING L57: UNCALLED FUNCTION, IGNORED FOR OVERLAY PROCESS
    NAME:    Uart_String/Uart

*** WARNING L57: UNCALLED FUNCTION, IGNORED FOR OVERLAY PROCESS
    NAME:    Hall_element/iic

*** WARNING L57: UNCALLED FUNCTION, IGNORED FOR OVERLAY PROCESS
    NAME:    IIC_SendAck/iic

Program Size: data=8.7 edata+hdata=370 xdata=0 const=288 code=5267
L251 RUN COMPLETE.  14 WARNING(S),  0 ERROR(S)
