C251 COMPILER V5.60.0,  LineFollower                                                       25/07/23  21:43:21  PAGE 1   


C251 COMPILER V5.60.0, COMPILATION OF MODULE LineFollower
OBJECT MODULE PLACED IN LineFollower.obj
COMPILER INVOKED BY: D:\Software\Worksoftware\Keil5_C251\C251\BIN\C251.EXE LineFollower\LineFollower.c XSMALL INTR2 WARN
                    -INGLEVEL(1) BROWSE INCDIR(.\OLED;.\timer;.\GPIO;.\PWM;.\Encoders;.\iic;.\Uart;.\Menu;.\motor;.\ADC;.\LineFollower;.\MPU6
                    -050) DEBUG PRINT(.\LineFollower.lst) TABS(2) OBJECT(LineFollower.obj) 

stmt  level    source

    1          #include "LineFollower.h"
    2          uchar read_value;
    3          
    4          uchar ReadLine(void) //往左边偏的时候输出1 右边偏输出-1 踩在线上输出0
    5          { 
    6   1        uchar read_value = 0;
    7   1        char return_value = 0;
    8   1        
    9   1        if(det_L == 0)
   10   1          read_value |= 0x08; //置1
   11   1        else 
   12   1          read_value &= ~0x08;
   13   1      
   14   1        if(det_CL == 0)
   15   1          read_value |= 0x04;
   16   1        else 
   17   1          read_value &= ~0x04;
   18   1        
   19   1        if(det_CR == 0)
   20   1          read_value |= 0x02;
   21   1        else 
   22   1          read_value &= ~0x02;
   23   1        
   24   1        if(det_R == 0)
   25   1          read_value |= 0x01;
   26   1        else 
   27   1          read_value &= ~0x01;
   28   1        
   29   1        switch(read_value)
   30   1        {
   31   2          case 0x06:        //正常行驶
   32   2            return_value = 0;
   33   2            break;
   34   2          case 0x02:           //往左边偏一点点
   35   2            return_value = -1;
   36   2            break;
   37   2          case 0x04:           //往右边偏一点点
   38   2            return_value = 1;
   39   2            break;
   40   2          case 0x08:
   41   2            return_value = -2; //往左偏较大角度
   42   2            break;
   43   2          case 0x01:
   44   2            return_value = 2;//往左偏较大角度
   45   2            break;
   46   2          case 0x00:
   47   2            return_value = -3;//没识别到黑线返回 ‘-3‘
   48   2            break;
   49   2          case 0x0F:
   50   2            return_value = 3;//宝马离开地面返回  ‘3‘
   51   2            break;
   52   2        }
   53   1        
   54   1        return read_value;
   55   1      }


C251 COMPILER V5.60.0,  LineFollower                                                       25/07/23  21:43:21  PAGE 2   

Module Information          Static   Overlayable
------------------------------------------------
  code size            =        58     ------
  ecode size           =    ------     ------
  data size            =    ------     ------
  idata size           =    ------     ------
  pdata size           =    ------     ------
  xdata size           =    ------     ------
  xdata-const size     =    ------     ------
  edata size           =         1     ------
  bit size             =    ------     ------
  ebit size            =    ------     ------
  bitaddressable size  =    ------     ------
  ebitaddressable size =    ------     ------
  far data size        =    ------     ------
  huge data size       =    ------     ------
  const size           =    ------     ------
  hconst size          =    ------     ------
End of Module Information.


C251 COMPILATION COMPLETE.  0 WARNING(S),  0 ERROR(S)
