C251 COMPILER V5.60.0,  main                                                               30/07/23  23:03:17  PAGE 1   


C251 COMPILER V5.60.0, COMPILATION OF MODULE main
OBJECT MODULE PLACED IN main.OBJ
COMPILER INVOKED BY: D:\Software\Worksoftware\Keil5_C251\C251\BIN\C251.EXE main.c XSMALL INTR2 WARNINGLEVEL(1) BROWSE IN
                    -CDIR(.\OLED;.\timer;.\GPIO;.\PWM;.\Encoders;.\iic;.\Uart;.\Menu;.\motor;.\ADC;.\LineFollower;.\MPU6050) DEBUG TABS(2) 

stmt  level    source

    1          /*
    2          program versions : 2.2
    3          
    4          添加了PID的P和D值的程序，暂未开始调整参数，MPU6050的数据会自己一直加
    5          
    6          modification: 2023/7/30 2:26
    7          
    8          modifier: Cameron Bright
    9          
   10          */
   11          #include "timer.h"   //定时器
   12          #include "oled.h"   //OLED函数
   13          #include "GPIO.h"   //GPIO
   14          #include "pwm.h"      //pwm
   15          #include "Encoders.h"  //旋转编码器
   16          #include "iic.h"
   17          #include "Uart.h"   //串口
   18          #include "stdio.h"
   19          #include "Meun.h"
   20          #include "motor.h"
   21          #include "ADC.h"
   22          #include "LineFollower.h" //循迹模块
   23          #include "stdio.h"
   24          #include "MPU6050.h"
   25          #include "MATH.H"
   26          
   27          //-------------------------------- system--------------------------------
   28          extern uint s_count;         //定时器计数
   29          extern uint delay_cnt;       //delay计数
   30          uint sys_led = 0;            //运行状态灯
   31          
   32          uint disp_delay;             //显示屏刷新延时计数
   33          uint motor_delay;            //电机函数刷新延时计数
   34          uint mpu6050_delay;          //mpu6050读取延时计数
   35          
   36          //----------------- motor(电机驱动和PID变量)--------------------------------
   37          extern int dutyL;            //左边电机驱动pwm 周期1000
   38          extern int dutyR;            //右
   39          
   40          uchar motor_sw = 1;//电机开关
   41          
   42          struct pid_parameter positionPID; //PID参数
   43          int err_kp, err_ki, err_kd;   //误差值
   44          char line_inaccuracy; //循迹模块偏移量
   45          char old_line_inaccuracy;//上一次循迹模块的便宜量
   46          char old_position;    //上一次的数据
   47          
   48          //------------------MPU6050-----------------------------------------------
   49          
   50          int Gyro_x, Gyro_y, Gyro_z;                        //三轴陀螺仪
   51          int Gyro_x_, Gyro_y_, Gyro_z_;                        //三轴陀螺仪滤波
   52          
   53          int Gyro_angle_x=0, Gyro_angle_y=0, Gyro_angle_z=0;
   54          int Acc_x, Acc_y, Acc_z;                           //三轴加速度
   55          int Temp;                                        //温度
   56          
   57          int   xdata g_x=0,g_y=0,g_z=0;                   //陀螺仪矫正参数
   58          float xdata a_x=0,a_y=0;                         //角度矫正参数
C251 COMPILER V5.60.0,  main                                                               30/07/23  23:03:17  PAGE 2   

   59          float data  AngleX=0, AngleY=0, AngleZ=0;          //四元数解算出的欧拉角
   60          float xdata Angle_gx=0, Angle_gy=0, Angle_gz=0;    //由角速度计算的角速率(角度制)
   61          float xdata Angle_ax=0, Angle_ay=0, Angle_az=0;    //由加速度计算的加速度(弧度制)
   62          
   63          uchar MPU6050_DATA[14];
   64          
   65          unsigned  int Angle_of_pitch = 0;
   66          unsigned  int Roll_Angle = 0;
   67          
   68          #define pi    3.14159265f                           
   69          #define Kp    0.8f                        
   70          #define Ki    0.001f                         
   71          #define halfT 0.004f  
   72          
   73          float idata q0=1,q1=0,q2=0,q3=0;   
   74          float idata exInt=0,eyInt=0,ezInt=0;  
   75          
   76          void IMUupdate(float gx, float gy, float gz, float ax, float ay, float az);
   77          
   78          //-----------------other--------------------------------------------------
   79          uchar txbuf[20]; //串口发送缓存
   80          
   81          uchar oled_showtext[25]; //oled显示字符串
   82          
   83          void Disp_refresh(void);  //数码管显示函数
   84          void Motor_control(void); //电机控制函数
   85          void MPU6050_Read(void);  //陀螺仪数据采集
   86          
   87          void main()
   88          {
   89   1        GPIO_init();//GPIO初始化
   90   1        OLED_Init();//oled初始化
   91   1        OLED_ColorTurn(0);//0正常显示，1 反色显示
   92   1        OLED_DisplayTurn(0);//0正常显示 1 屏幕翻转显示
   93   1        OLED_Clear();//oled清屏
   94   1        
   95   1        Timer1Init();//定时器初始化
   96   1        
   97   1        UartInit();//串口初始化 
   98   1        S1_S0=0;
   99   1        S1_S1=0;//串口1 选择P30 P31 
  100   1        
  101   1        P54RST=1;//复位初始化
  102   1        
  103   1        InitMPU6050(); //mpu6050初始化
  104   1        
  105   1        Motor_Init(); //电机初始化
  106   1        
  107   1        //PID参数
  108   1        positionPID.basicSpeed = 0;//基础运动速度
  109   1        positionPID.kp = 100;
  110   1        positionPID.ki = 0;
  111   1        positionPID.kd = 0.001;
  112   1        
  113   1        
  114   1        LED = 0;
  115   1        while(1)
  116   1        { 
  117   2          Motor_control(); //电机控制函数
  118   2          Disp_refresh();  //显示屏刷新函数
  119   2          MPU6050_Read();  //陀螺仪数据采集
  120   2          
  121   2          //sprintf(txbuf,"1:%04d 2:%04d 3:%04d\r\n",ADCP1,ADCP2,ADCP3);
  122   2          //Uart_String(txbuf); //串口
  123   2        }
  124   1      }
C251 COMPILER V5.60.0,  main                                                               30/07/23  23:03:17  PAGE 3   

  125          void timer1() interrupt 3       //100us中断一次
  126          {
  127   1        if(++disp_delay == 100) disp_delay = 0;
  128   1        if(++motor_delay == 10) motor_delay = 0;
  129   1        if(++mpu6050_delay == 50) mpu6050_delay = 0;
  130   1        if(++sys_led >= 5000) 
  131   1        {
  132   2          LED ^= 1;
  133   2          sys_led = 0;
  134   2        }
  135   1        
  136   1        if(delay_cnt > 0) //延时函数
  137   1          delay_cnt--;
  138   1      
  139   1      } 
  140          
  141          
  142          //-----------------显示屏函数-----------------------------------
  143          void Disp_refresh(void)
  144          {
  145   1        if(disp_delay) return; //10ms刷新一次屏幕
  146   1        disp_delay = 1;
  147   1        
  148   1        sprintf(oled_showtext,"%d   ",line_inaccuracy);
  149   1        OLED_16x16(0,0,oled_showtext);
  150   1        
  151   1        sprintf(oled_showtext,"%3d,%3d       ",dutyR,dutyL);
  152   1        OLED_16x16(0,2,oled_showtext);
  153   1        
  154   1        sprintf(oled_showtext,"%3d",positionPID.basicSpeed);
  155   1        OLED_16x16(0,4,oled_showtext);
  156   1      
  157   1      //  sprintf(oled_showtext,"X:%3d Y:%3d     ",Angle_ax,Angle_ax);
  158   1      //  OLED_Display_string_5x7(0,6,oled_showtext);
  159   1        
  160   1        sprintf(oled_showtext,"Z:%02d       ",(int)AngleZ);
  161   1        OLED_Display_string_5x7(0,7,oled_showtext);
  162   1        
  163   1        //sprintf(txbuf,"X:%d Y:%d Z:%d\r\n",Gyro_x,Gyro_y,Gyro_z);
  164   1        //Uart_String(txbuf); //串口
  165   1        
  166   1      //  OLED_ShowNum(35,4,ADCP3,6);
  167   1      }
  168          
  169          
  170          //-------------陀螺仪控制函数----------------------------------------
  171          void MPU6050_Read(void)
  172          {
  173   1        if(mpu6050_delay) return; 
  174   1        mpu6050_delay = 1;
  175   1        
  176   1        Read_MPU6050(MPU6050_DATA);
  177   1        Acc_x = MPU6050_DATA[0]<<8|MPU6050_DATA[1]; //加速度
  178   1        Acc_y = MPU6050_DATA[2]<<8|MPU6050_DATA[3];
  179   1        Acc_z = MPU6050_DATA[4]<<8|MPU6050_DATA[5];
  180   1        
  181   1        Temp  = MPU6050_DATA[6]<<8|MPU6050_DATA[7]; //temperature
  182   1        
  183   1        Gyro_x = MPU6050_DATA[8]<<8|MPU6050_DATA[9]; //角速度
  184   1        Gyro_y = MPU6050_DATA[10]<<8|MPU6050_DATA[11]; 
  185   1        Gyro_z = MPU6050_DATA[12]<<8|MPU6050_DATA[13]; 
  186   1        
  187   1      //  if((Gyro_x == -1)||(Gyro_y == -1)||(Gyro_z == -1)||(Gyro_x == 0)||(Gyro_y == 0)||(Gyro_z == 0)) //高通
             -滤波
  188   1      //  {
  189   1      //    Gyro_x = Gyro_x_;
C251 COMPILER V5.60.0,  main                                                               30/07/23  23:03:17  PAGE 4   

  190   1      //    Gyro_y = Gyro_y_;
  191   1      //    Gyro_z = Gyro_z_;
  192   1      //  }
  193   1      //  else 
  194   1      //  {
  195   1      //    Gyro_x_ = Gyro_x;
  196   1      //    Gyro_y_ = Gyro_y;
  197   1      //    Gyro_z_ = Gyro_z;
  198   1      //  }
  199   1        
  200   1        Angle_ax = Acc_x/8192.0; //偏移角
  201   1        Angle_ay = Acc_y/8192.0; 
  202   1        Angle_az = Acc_z/8192.0; 
  203   1        
  204   1        Angle_gx = Gyro_x/65.5; //
  205   1        Angle_gy = Gyro_y/65.5;
  206   1        Angle_gz = Gyro_z/65.5;
  207   1        
  208   1        IMUupdate(Angle_gx*0.0174533f,Angle_gy*0.0174533f,Angle_gz*0.0174533f,Angle_ax,Angle_ay,Angle_az);
  209   1        
  210   1        Angle_of_pitch = AngleX;
  211   1        Roll_Angle = AngleY;
  212   1        
  213   1        //==========串口查看波形=============
  214   1        Uart_sendbyte(0x03);
  215   1        Uart_sendbyte(~0x03); 
  216   1        
  217   1        Uart_sendbyte((int)(Gyro_x));
  218   1        Uart_sendbyte((int)(Gyro_x)>>8);
  219   1                                  
  220   1        Uart_sendbyte((int)(Gyro_y));
  221   1        Uart_sendbyte((int)(Gyro_y)>>8);
  222   1                                  
  223   1        Uart_sendbyte((int)(Gyro_z));
  224   1        Uart_sendbyte((int)(Gyro_z)>>8);
  225   1        
  226   1      //  Uart_sendbyte((int)(Angle_gx));
  227   1      //  Uart_sendbyte((int)(Angle_gx)>>8);
  228   1      //                            
  229   1      //  Uart_sendbyte((int)(Angle_gy));
  230   1      //  Uart_sendbyte((int)(Angle_gy)>>8);
  231   1      //                            
  232   1      //  Uart_sendbyte((int)(Angle_gz));
  233   1      //  Uart_sendbyte((int)(Angle_gz)>>8);
  234   1      
  235   1      //  Uart_sendbyte((int)(AngleX));
  236   1      //  Uart_sendbyte((int)(AngleX)>>8);
  237   1      //                            
  238   1      //  Uart_sendbyte((int)(AngleY));
  239   1      //  Uart_sendbyte((int)(AngleY)>>8);
  240   1      //                            
  241   1      //  Uart_sendbyte((int)(AngleZ));
  242   1      //  Uart_sendbyte((int)(AngleZ)>>8);  
  243   1        
  244   1        Uart_sendbyte(~0x03);         
  245   1        Uart_sendbyte(0x03);
  246   1      }
  247          
  248          void IMUupdate(float gx, float gy, float gz, float ax, float ay, float az)
  249          {
  250   1        float data norm;
  251   1        float idata vx, vy, vz;
  252   1        float idata ex, ey, ez;
  253   1      
  254   1        norm = sqrt(ax*ax + ay*ay + az*az); //把加速度计的三维向量转成单维向量   
  255   1        ax = ax / norm;
C251 COMPILER V5.60.0,  main                                                               30/07/23  23:03:17  PAGE 5   

  256   1        ay = ay / norm;
  257   1        az = az / norm;
  258   1      
  259   1          //  下面是把四元数换算成《方向余弦矩阵》中的第三列的三个元素。 
  260   1          //  根据余弦矩阵和欧拉角的定义，地理坐标系的重力向量，转到机体坐标系，正好是这三个元素
  261   1          //  所以这里的vx vy vz，其实就是当前的欧拉角（即四元数）的机体坐标参照系上，换算出来的
  262   1          //  重力单位向量。
  263   1        vx = 2*(q1*q3 - q0*q2);
  264   1        vy = 2*(q0*q1 + q2*q3);
  265   1        vz = q0*q0 - q1*q1 - q2*q2 + q3*q3 ;
  266   1      
  267   1        ex = (ay*vz - az*vy) ;
  268   1        ey = (az*vx - ax*vz) ;
  269   1        ez = (ax*vy - ay*vx) ;
  270   1      
  271   1        exInt = exInt + ex * Ki;
  272   1        eyInt = eyInt + ey * Ki;
  273   1        ezInt = ezInt + ez * Ki;
  274   1      
  275   1        gx = gx + Kp*ex + exInt;
  276   1        gy = gy + Kp*ey + eyInt;
  277   1        gz = gz + Kp*ez + ezInt;
  278   1      
  279   1        q0 = q0 + (-q1*gx - q2*gy - q3*gz) * halfT;
  280   1        q1 = q1 + ( q0*gx + q2*gz - q3*gy) * halfT;
  281   1        q2 = q2 + ( q0*gy - q1*gz + q3*gx) * halfT;
  282   1        q3 = q3 + ( q0*gz + q1*gy - q2*gx) * halfT;
  283   1      
  284   1        norm = sqrt(q0*q0 + q1*q1 + q2*q2 + q3*q3);
  285   1        q0 = q0 / norm;
  286   1        q1 = q1 / norm;
  287   1        q2 = q2 / norm;
  288   1        q3 = q3 / norm;
  289   1      
  290   1        AngleX = asin(2*(q0*q2 - q1*q3 )) * 57.2957795f; // 俯仰   换算成度
  291   1        AngleY = asin(2*(q0*q1 + q2*q3 )) * 57.2957795f; // 横滚
  292   1        AngleZ = atan2(2*(q1*q2 + q0*q3),q0*q0+q1*q1-q2*q2-q3*q3) * 57.2957795f; //滤波后的值
  293   1      }
  294          
  295          
  296          //-----------------电机控制函数-------------------------------------
  297          void Motor_control(void)
  298          {
  299   1        if(motor_delay) return; //延时
  300   1        motor_delay = 1;
  301   1        
  302   1        line_inaccuracy = ReadLine();//读取循线状态 1、-1、0
  303   1        
  304   1        if(line_inaccuracy > 2 || line_inaccuracy < -2)
  305   1        {
  306   2          if(line_inaccuracy == -3)//传感器远离地面时
  307   2            motor_sw = 0;
  308   2          else if(line_inaccuracy == 3) //所有传感器都在地面但没识别到线时
  309   2            line_inaccuracy = old_position;
  310   2        }
  311   1        else 
  312   1        {
  313   2          motor_sw = 1;//电机正常工作
  314   2          old_position = line_inaccuracy;//记录上一次的位置
  315   2        }
  316   1        
  317   1        err_kp = positionPID.kp * line_inaccuracy;     //循迹模块数据
  318   1        err_ki = positionPID.ki * line_inaccuracy;     //积分
  319   1        err_kd = positionPID.kd * old_line_inaccuracy; //微分
  320   1      
  321   1        dutyR = positionPID.basicSpeed + err_kp - err_kd; 
C251 COMPILER V5.60.0,  main                                                               30/07/23  23:03:17  PAGE 6   

  322   1        dutyL = positionPID.basicSpeed - err_kp + err_kd;
  323   1        
  324   1        Motor_FRcontrol(dutyR,dutyL);//pwm值小于0就反转，大于0正转
  325   1        
  326   1        old_line_inaccuracy = line_inaccuracy;
  327   1        
  328   1        Update_duty(motor_sw);//更新PWM输出
  329   1      }


Module Information          Static   Overlayable
------------------------------------------------
  code size            =      2093     ------
  ecode size           =    ------     ------
  data size            =         4     ------
  idata size           =         8          4
  pdata size           =    ------     ------
  xdata size           =        14     ------
  xdata-const size     =    ------     ------
  edata size           =       173         20
  bit size             =    ------     ------
  ebit size            =    ------     ------
  bitaddressable size  =    ------     ------
  ebitaddressable size =    ------     ------
  far data size        =    ------     ------
  huge data size       =    ------     ------
  const size           =    ------     ------
  hconst size          =       246     ------
End of Module Information.


C251 COMPILATION COMPLETE.  0 WARNING(S),  0 ERROR(S)
