C251 COMPILER V5.60.0,  timer                                                              19/07/23  20:43:55  PAGE 1   


C251 COMPILER V5.60.0, COMPILATION OF MODULE timer
OBJECT MODULE PLACED IN timer.obj
COMPILER INVOKED BY: D:\Software\Worksoftware\Keil5_C251\C251\BIN\C251.EXE timer\timer.c XSMALL INTR2 WARNINGLEVEL(1) BR
                    -OWSE INCDIR(.\OLED;.\timer;.\GPIO;.\PWM;.\Encoders;.\iic;.\Uart;.\Menu;.\motor;.\ADC) DEBUG PRINT(.\timer.lst) TABS(2) O
                    -BJECT(timer.obj) 

stmt  level    source

    1          #include "timer.h"
    2          
    3          void Timer1Init()   //100微秒@12.000MHz
    4          {
    5   1        AUXR &= 0xBF;   //定时器时钟12T模式
    6   1        TMOD &= 0x0F;   //设置定时器模式
    7   1        TL1 = 0x9C;   //设置定时初始值
    8   1        TH1 = 0xFF;   //设置定时初始值
    9   1        TF1 = 0;    //清除TF1标志
   10   1        TR1 = 1;    //定时器1开始计时
   11   1        ET1=1;
   12   1        EA=1;      //总中断打开
   13   1      }
   14          
   15          uint delay_cnt;
   16          
   17          void delay(uint delay) //定时器延时 12mhz
   18          {
   19   1        delay_cnt = delay;
   20   1        while(delay_cnt > 0);
   21   1      }


Module Information          Static   Overlayable
------------------------------------------------
  code size            =        36     ------
  ecode size           =    ------     ------
  data size            =    ------     ------
  idata size           =    ------     ------
  pdata size           =    ------     ------
  xdata size           =    ------     ------
  xdata-const size     =    ------     ------
  edata size           =         2     ------
  bit size             =    ------     ------
  ebit size            =    ------     ------
  bitaddressable size  =    ------     ------
  ebitaddressable size =    ------     ------
  far data size        =    ------     ------
  huge data size       =    ------     ------
  const size           =    ------     ------
  hconst size          =    ------     ------
End of Module Information.


C251 COMPILATION COMPLETE.  0 WARNING(S),  0 ERROR(S)
