C251 COMPILER V5.60.0,  Uart                                                               20/07/23  19:30:23  PAGE 1   


C251 COMPILER V5.60.0, COMPILATION OF MODULE Uart
OBJECT MODULE PLACED IN Uart.obj
COMPILER INVOKED BY: D:\Software\Worksoftware\Keil5_C251\C251\BIN\C251.EXE Uart\Uart.c XSMALL INTR2 WARNINGLEVEL(1) BROW
                    -SE INCDIR(.\OLED;.\timer;.\GPIO;.\PWM;.\Encoders;.\iic;.\Uart;.\Menu;.\motor;.\ADC;.\LineFollower) DEBUG PRINT(.\Uart.ls
                    -t) TABS(2) OBJECT(Uart.obj) 

stmt  level    source

    1          #include "Uart.h"
    2          void UartInit(void)   //9600bps@24.000MHz
    3          {
    4   1        SCON = 0x50;    //8位数据,可变波特率
    5   1        AUXR |= 0x01;   //串口1选择定时器2为波特率发生器
    6   1        AUXR |= 0x04;   //定时器时钟1T模式
    7   1        T2L = 0x8F;     //设置定时初始值
    8   1        T2H = 0xFD;     //设置定时初始值
    9   1        AUXR |= 0x10;   //定时器2开始计时
   10   1        ES = 1;
   11   1        EA = 1;
   12   1      }
   13          
   14          void Uart_sendbyte(uchar byte)  //串口发送单个字节
   15          {
   16   1        SBUF=byte;
   17   1        while(!TI);
   18   1        TI = 0;
   19   1      }
   20          
   21          void Uart_String(uchar *p)    //串口发送字符串
   22          {
   23   1        while(*p)
   24   1        {
   25   2          Uart_sendbyte(*p++);
   26   2        }
   27   1      }
   28          
   29          void Uart1_Isr() interrupt 4
   30          {
   31   1        if(RI)
   32   1        {
   33   2          RI=0; 
   34   2        }
   35   1          
   36   1      }


Module Information          Static   Overlayable
------------------------------------------------
  code size            =        67     ------
  ecode size           =    ------     ------
  data size            =    ------     ------
  idata size           =    ------     ------
  pdata size           =    ------     ------
  xdata size           =    ------     ------
  xdata-const size     =    ------     ------
  edata size           =    ------     ------
  bit size             =    ------     ------
  ebit size            =    ------     ------
  bitaddressable size  =    ------     ------
  ebitaddressable size =    ------     ------
  far data size        =    ------     ------
  huge data size       =    ------     ------
  const size           =    ------     ------
  hconst size          =    ------     ------
End of Module Information.


C251 COMPILATION COMPLETE.  0 WARNING(S),  0 ERROR(S)
