C251 COMPILER V5.60.0,  timer                                                              05/08/23  06:02:02  PAGE 1   


C251 COMPILER V5.60.0, COMPILATION OF MODULE timer
OBJECT MODULE PLACED IN timer.obj
COMPILER INVOKED BY: D:\Software\Worksoftware\Keil5_C251\C251\BIN\C251.EXE timer\timer.c XSMALL INTR2 BROWSE INCDIR(.\OL
                    -ED;.\timer;.\GPIO;.\PWM;.\Encoders;.\iic;.\motor;.\ADC;.\LineFollower;.\MPU6050;.\Key;.\Wave;.\Uart;.\SYN6288) DEBUG PRI
                    -NT(.\timer.lst) TABS(2) OBJECT(timer.obj) 

stmt  level    source

    1          #include "timer.h"
    2          
    3          void Timer1_Init(void)    //100微秒@24.000MHz
    4          {
    5   1        AUXR |= 0x40;     //定时器时钟1T模式
    6   1        TMOD &= 0x0F;     //设置定时器模式
    7   1        TL1 = 0xA0;       //设置定时初始值
    8   1        TH1 = 0xF6;       //设置定时初始值
    9   1        TF1 = 0;        //清除TF1标志
   10   1        TR1 = 1;        //定时器1开始计时
   11   1        ET1 = 1;        //使能定时器1中断
   12   1        EA = 1;
   13   1      }
   14          
   15          //*********定时器3*********//
   16          void Timer3_Init(void)    //1毫秒@24.000MHz
   17          {
   18   1        T4T3M |= 0x02;      //定时器时钟1T模式
   19   1        T3L = 0x40;       //设置定时初始值
   20   1        T3H = 0xA2;       //设置定时初始值
   21   1        T4T3M |= 0x08;      //定时器3开始计时
   22   1        IE2 |= 0x20;      //使能定时器3中断 
   23   1      }
   24          
   25          uint delay_cnt = 0;
   26          
   27          void sys_delay(uint delay) //定时器延时 12mhz
   28          {
   29   1        delay_cnt = delay;
   30   1        while(delay_cnt > 0);
   31   1      }


Module Information          Static   Overlayable
------------------------------------------------
  code size            =        52     ------
  ecode size           =    ------     ------
  data size            =    ------     ------
  idata size           =    ------     ------
  pdata size           =    ------     ------
  xdata size           =    ------     ------
  xdata-const size     =    ------     ------
  edata size           =         2     ------
  bit size             =    ------     ------
  ebit size            =    ------     ------
  bitaddressable size  =    ------     ------
  ebitaddressable size =    ------     ------
  far data size        =    ------     ------
  huge data size       =    ------     ------
  const size           =    ------     ------
  hconst size          =         6     ------
End of Module Information.


C251 COMPILATION COMPLETE.  0 WARNING(S),  0 ERROR(S)
